Removed Pin From Net: NetName=NetC22_1 Pin=C22-1
Removed Pin From Net: NetName=NetC23_1 Pin=C23-1
Removed Pin From Net: NetName=NetC24_1 Pin=C24-1
Removed Member From Class: ClassName=ECG_mesurment_2 Member=C37
Removed Member From Class: ClassName=ECG_mesurment_2 Member=C38
Removed Member From Class: ClassName=ECG_mesurment_2 Member=C39
Change Component Designator: OldDesignator=C25 NewDesignator=C22
Change Component Designator: OldDesignator=C26 NewDesignator=C23
Change Component Designator: OldDesignator=C27 NewDesignator=C24
Change Component Designator: OldDesignator=C28 NewDesignator=C25
Change Component Designator: OldDesignator=C29 NewDesignator=C26
Change Component Designator: OldDesignator=C30 NewDesignator=C27
Change Component Designator: OldDesignator=C31 NewDesignator=C28
Change Component Designator: OldDesignator=C32 NewDesignator=C29
Change Component Designator: OldDesignator=C33 NewDesignator=C30
Change Component Designator: OldDesignator=C34 NewDesignator=C31
Change Component Designator: OldDesignator=C35 NewDesignator=C32
Change Component Designator: OldDesignator=C36 NewDesignator=C33
Change Component Designator: OldDesignator=C37 NewDesignator=C34
Change Component Designator: OldDesignator=C38 NewDesignator=C35
Change Component Designator: OldDesignator=C39 NewDesignator=C36
Change Component Designator: OldDesignator=C40 NewDesignator=C37
Change Component Designator: OldDesignator=C41 NewDesignator=C38
Change Component Designator: OldDesignator=C42 NewDesignator=C39
Change Net Name : Old Net Name=NetC22_1 New Net Name=NetDA7_1
Change Net Name : Old Net Name=NetC23_1 New Net Name=NetDA8_1
Change Net Name : Old Net Name=NetC24_1 New Net Name=NetDA9_1
Change Net Name : Old Net Name=NetC25_1 New Net Name=NetC22_1
Change Net Name : Old Net Name=NetC25_2 New Net Name=NetC22_2
Change Net Name : Old Net Name=NetC26_1 New Net Name=NetC23_1
Change Net Name : Old Net Name=NetC26_2 New Net Name=NetC23_2
Change Net Name : Old Net Name=NetC27_1 New Net Name=NetC24_1
Change Net Name : Old Net Name=NetC27_2 New Net Name=NetC24_2
Change Net Name : Old Net Name=NetC28_1 New Net Name=NetC25_1
Change Net Name : Old Net Name=NetC29_2 New Net Name=NetC26_2
Change Net Name : Old Net Name=NetC30_2 New Net Name=NetC27_2
Change Net Name : Old Net Name=NetC31_2 New Net Name=NetC28_2
Change Net Name : Old Net Name=NetC32_2 New Net Name=NetC29_2
Change Net Name : Old Net Name=NetC33_2 New Net Name=NetC30_2
Change Net Name : Old Net Name=NetC37_1 New Net Name=NetC34_1
Change Net Name : Old Net Name=NetC38_1 New Net Name=NetC35_1
Change Net Name : Old Net Name=NetC39_1 New Net Name=NetC36_1
Added Pin To Net: NetName=NetDA4_6 Pin=DA4-6
Added Pin To Net: NetName=NetDA4_6 Pin=DA7-3
Added Net: Name=NetDA4_6
Added Pin To Net: NetName=NetDA5_6 Pin=DA5-6
Added Pin To Net: NetName=NetDA5_6 Pin=DA8-3
Added Net: Name=NetDA5_6
Added Pin To Net: NetName=NetDA6_6 Pin=DA6-6
Added Pin To Net: NetName=NetDA6_6 Pin=DA9-3
Added Net: Name=NetDA6_6
