Removed Pin From Net: NetName=+12 Pin=C8-1
Removed Pin From Net: NetName=GND Pin=C8-2
Removed Pin From Net: NetName=-12 Pin=C14-1
Removed Pin From Net: NetName=GND Pin=C14-2
Removed Pin From Net: NetName=-12 Pin=C15-1
Removed Pin From Net: NetName=GND Pin=C15-2
Removed Pin From Net: NetName=+3.3 Pin=C23-1
Removed Pin From Net: NetName=GND Pin=C23-2
Removed Pin From Net: NetName=+3.3 Pin=C24-1
Removed Pin From Net: NetName=GND Pin=C24-2
Removed Pin From Net: NetName=GND Pin=C25-2
Removed Pin From Net: NetName=GND Pin=C26-2
Removed Pin From Net: NetName=GND Pin=C27-2
Removed Pin From Net: NetName=NetDA1_2 Pin=DA1-2
Removed Pin From Net: NetName=-12 Pin=DA1-4
Removed Pin From Net: NetName=NetC10_2 Pin=DA1-6
Removed Pin From Net: NetName=+12 Pin=DA1-7
Removed Pin From Net: NetName=NetDA2_2 Pin=DA2-2
Removed Pin From Net: NetName=-12 Pin=DA2-4
Removed Pin From Net: NetName=+12 Pin=DA2-7
Removed Pin From Net: NetName=NetDA3_2 Pin=DA3-2
Removed Pin From Net: NetName=-12 Pin=DA3-4
Removed Pin From Net: NetName=+12 Pin=DA3-7
Removed Pin From Net: NetName=NetDA4_6 Pin=DA7-3
Removed Pin From Net: NetName=NetDA5_6 Pin=DA8-3
Removed Pin From Net: NetName=NetDA6_6 Pin=DA9-3
Removed Pin From Net: NetName=NetC28_1 Pin=L1-2
Removed Pin From Net: NetName=NetC26_1 Pin=L2-1
Removed Pin From Net: NetName=NetC29_1 Pin=L2-2
Removed Pin From Net: NetName=NetC30_1 Pin=L3-2
Removed Pin From Net: NetName=NetC1_1 Pin=R1-2
Removed Pin From Net: NetName=GND Pin=R22-1
Removed Pin From Net: NetName=GND Pin=R23-1
Removed Pin From Net: NetName=GND Pin=R24-1
Removed Pin From Net: NetName=NetC26_1 Pin=R29-2
Removed Pin From Net: NetName=NetC28_1 Pin=X4-1
Removed Pin From Net: NetName=NetC29_1 Pin=X4-2
Removed Pin From Net: NetName=NetC30_1 Pin=X4-3
Removed Pin From Net: NetName=-12 Pin=X5-3
Removed Member From Class: ClassName=ECG_mesurment_2 Member=L1
Removed Member From Class: ClassName=ECG_mesurment_2 Member=L2
Removed Member From Class: ClassName=ECG_mesurment_2 Member=L3
Change Component Footprint: Designator=C25 Old Footprint=CAP: SMD 1210 MD IPC 782 New Footprint=CAP: SMD 0805 MD IPC 782
Change Component Footprint: Designator=C26 Old Footprint=CAP: SMD 1210 MD IPC 782 New Footprint=CAP: SMD 0805 MD IPC 782
Change Component Footprint: Designator=C27 Old Footprint=CAP: SMD 1210 MD IPC 782 New Footprint=CAP: SMD 0805 MD IPC 782
Change Component Footprint: Designator=C28 Old Footprint=CAP: SMD 1210 MD IPC 782 New Footprint=CAP: SMD 0805 MD IPC 782
Change Component Footprint: Designator=C29 Old Footprint=CAP: SMD 1210 MD IPC 782 New Footprint=CAP: SMD 0805 MD IPC 782
Change Component Footprint: Designator=C30 Old Footprint=CAP: SMD 1210 MD IPC 782 New Footprint=CAP: SMD 0805 MD IPC 782
Change Component Footprint: Designator=DA1 Old Footprint=IC: SOIC 8 New Footprint=IC: SOT 23 5pin
Change Component Footprint: Designator=DA2 Old Footprint=IC: SOIC 8 New Footprint=IC: SOT 23 5pin
Change Component Footprint: Designator=DA3 Old Footprint=IC: SOIC 8 New Footprint=IC: SOT 23 5pin
Change Component Comment : Designator=C23 Old Comment=0.1u 50V 0805 ±10% New Comment=0.01u 50V 0805 ±5%
Change Component Comment : Designator=C24 Old Comment=0.1u 50V 0805 ±10% New Comment=0.01u 50V 0805 ±5%
Change Component Comment : Designator=C14 Old Comment=0.1u 50V 0805 ±10% New Comment=6.8n 50V 0805 ±5%
Change Component Comment : Designator=C15 Old Comment=0.1u 50V 0805 ±10% New Comment=6.8n 50V 0805 ±5%
Change Component Comment : Designator=R28 Old Comment=4.7k ±1% 0805 New Comment=51k ±1% 0805
Change Component Comment : Designator=R29 Old Comment=4.7k ±1% 0805 New Comment=51k ±1% 0805
Change Component Comment : Designator=R30 Old Comment=4.7k ±1% 0805 New Comment=51k ±1% 0805
Change Component Comment : Designator=R7 Old Comment=5.1M ±1% 0805 New Comment=1M ±1% 0805
Change Component Comment : Designator=R8 Old Comment=5.1M ±1% 0805 New Comment=1M ±1% 0805
Change Component Comment : Designator=R9 Old Comment=5.1M ±1% 0805 New Comment=1M ±1% 0805
Change Component Comment : Designator=C11 Old Comment=6.8n 50V 0805 ±5% New Comment=0.1u 50V 0805 ±10%
Change Component Comment : Designator=C12 Old Comment=6.8n 50V 0805 ±5% New Comment=0.1u 50V 0805 ±10%
Change Component Comment : Designator=R22 Old Comment=10k ±1% 0805 New Comment=27k ±1% 0805
Change Component Comment : Designator=R23 Old Comment=10k ±1% 0805 New Comment=27k ±1% 0805
Change Component Comment : Designator=R24 Old Comment=10k ±1% 0805 New Comment=27k ±1% 0805
Change Component Comment : Designator=R1 Old Comment=10k ±1% New Comment=75k ±1% 0805
Change Component Comment : Designator=R2 Old Comment=10k ±1% New Comment=75k ±1% 0805
Change Component Comment : Designator=R3 Old Comment=10k ±1% New Comment=75k ±1% 0805
Change Component Comment : Designator=R4 Old Comment=10k ±1% New Comment=75k ±1% 0805
Change Component Comment : Designator=R5 Old Comment=10k ±1% New Comment=75k ±1% 0805
Change Component Comment : Designator=R6 Old Comment=10k ±1% New Comment=75k ±1% 0805
Change Component Comment : Designator=R25 Old Comment=15k ±1% 0805 New Comment=27k ±1% 0805
Change Component Comment : Designator=R26 Old Comment=15k ±1% 0805 New Comment=27k ±1% 0805
Change Component Comment : Designator=R27 Old Comment=15k ±1% 0805 New Comment=27k ±1% 0805
Change Component Comment : Designator=C25 Old Comment=47u 16V 1210 ±20% New Comment=0.01u 50V 0805 ±5%
Change Component Comment : Designator=C26 Old Comment=47u 16V 1210 ±20% New Comment=0.01u 50V 0805 ±5%
Change Component Comment : Designator=C27 Old Comment=47u 16V 1210 ±20% New Comment=0.01u 50V 0805 ±5%
Change Component Comment : Designator=C28 Old Comment=47u 16V 1210 ±20% New Comment=0.01u 50V 0805 ±5%
Change Component Comment : Designator=C29 Old Comment=47u 16V 1210 ±20% New Comment=0.01u 50V 0805 ±5%
Change Component Comment : Designator=C30 Old Comment=47u 16V 1210 ±20% New Comment=0.01u 50V 0805 ±5%
Change Component Comment : Designator=DA1 Old Comment=AD817 New Comment=OPA189IDBVR
Change Component Comment : Designator=DA2 Old Comment=AD817 New Comment=OPA189IDBVR
Change Component Comment : Designator=DA3 Old Comment=AD817 New Comment=OPA189IDBVR
Change Component Designator: OldDesignator=C10 NewDesignator=C13
Change Component Designator: OldDesignator=C13 NewDesignator=C8
Change Component Designator: OldDesignator=C22 NewDesignator=C31
Change Component Designator: OldDesignator=R31 NewDesignator=R37
Change Component Designator: OldDesignator=R32 NewDesignator=R38
Change component parameters: Designator = "C11" ("C11"); Footprint = "CAP: SMD 0805 MD IPC 782"; UniqueID = "\XXIWAUPR" ("\XXIWAUPR")
Change component parameters (AddParameter): Name = "Code"; Value = "6279254871"; VariantName = "[No Variations]"
Change component parameters (AddParameter): Name = "Name"; Value = "Конденсатор X7R 50V 0,1uF ±10% 0805"; VariantName = "[No Variations]"
Change component parameters: Designator = "C12" ("C12"); Footprint = "CAP: SMD 0805 MD IPC 782"; UniqueID = "\BEJKCLNQ" ("\BEJKCLNQ")
Change component parameters (AddParameter): Name = "Code"; Value = "6279254871"; VariantName = "[No Variations]"
Change component parameters (AddParameter): Name = "Name"; Value = "Конденсатор X7R 50V 0,1uF ±10% 0805"; VariantName = "[No Variations]"
Change component parameters: Designator = "C14" ("C14"); Footprint = "CAP: SMD 0805 MD IPC 782"; UniqueID = "\WPSDRVHU" ("\WPSDRVHU")
Change component parameters (AddParameter): Name = "Code"; Value = "6279352311"; VariantName = "[No Variations]"
Change component parameters (AddParameter): Name = "Name"; Value = "Конденсатор NPO 50V 6800pF ±5% 0805"; VariantName = "[No Variations]"
Change component parameters: Designator = "C15" ("C15"); Footprint = "CAP: SMD 0805 MD IPC 782"; UniqueID = "\QSXYCDNT" ("\QSXYCDNT")
Change component parameters (AddParameter): Name = "Code"; Value = "6279352311"; VariantName = "[No Variations]"
Change component parameters (AddParameter): Name = "Name"; Value = "Конденсатор NPO 50V 6800pF ±5% 0805"; VariantName = "[No Variations]"
Change component parameters: Designator = "C23" ("C23"); Footprint = "CAP: SMD 0805 MD IPC 782"; UniqueID = "\EOYUYCYY" ("\EOYUYCYY")
Change component parameters (AddParameter): Name = "Code"; Value = "6279261451"; VariantName = "[No Variations]"
Change component parameters (AddParameter): Name = "Name"; Value = "Конденсатор X7R 50V  0,01uF±5%  0805"; VariantName = "[No Variations]"
Change component parameters: Designator = "C24" ("C24"); Footprint = "CAP: SMD 0805 MD IPC 782"; UniqueID = "\KQHGQBKA" ("\KQHGQBKA")
Change component parameters (AddParameter): Name = "Code"; Value = "6279261451"; VariantName = "[No Variations]"
Change component parameters (AddParameter): Name = "Name"; Value = "Конденсатор X7R 50V  0,01uF±5%  0805"; VariantName = "[No Variations]"
Change component parameters: Designator = "C25" ("C25"); Footprint = "CAP: SMD 1210 MD IPC 782"; UniqueID = "\SHUIJJUY" ("\SHUIJJUY")
Change component parameters (AddParameter): Name = "Code"; Value = "6279261451"; VariantName = "[No Variations]"
Change component parameters (AddParameter): Name = "Name"; Value = "Конденсатор X7R 50V  0,01uF±5%  0805"; VariantName = "[No Variations]"
Change component parameters: Designator = "C26" ("C26"); Footprint = "CAP: SMD 1210 MD IPC 782"; UniqueID = "\USUWJTXO" ("\USUWJTXO")
Change component parameters (AddParameter): Name = "Code"; Value = "6279261451"; VariantName = "[No Variations]"
Change component parameters (AddParameter): Name = "Name"; Value = "Конденсатор X7R 50V  0,01uF±5%  0805"; VariantName = "[No Variations]"
Change component parameters: Designator = "C27" ("C27"); Footprint = "CAP: SMD 1210 MD IPC 782"; UniqueID = "\RCGNPESG" ("\RCGNPESG")
Change component parameters (AddParameter): Name = "Code"; Value = "6279261451"; VariantName = "[No Variations]"
Change component parameters (AddParameter): Name = "Name"; Value = "Конденсатор X7R 50V  0,01uF±5%  0805"; VariantName = "[No Variations]"
Change component parameters: Designator = "C28" ("C28"); Footprint = "CAP: SMD 1210 MD IPC 782"; UniqueID = "\JEDIYHRO" ("\JEDIYHRO")
Change component parameters (AddParameter): Name = "Code"; Value = "6279261451"; VariantName = "[No Variations]"
Change component parameters (AddParameter): Name = "Name"; Value = "Конденсатор X7R 50V  0,01uF±5%  0805"; VariantName = "[No Variations]"
Change component parameters: Designator = "C29" ("C29"); Footprint = "CAP: SMD 1210 MD IPC 782"; UniqueID = "\USXTWMHJ" ("\USXTWMHJ")
Change component parameters (AddParameter): Name = "Code"; Value = "6279261451"; VariantName = "[No Variations]"
Change component parameters (AddParameter): Name = "Name"; Value = "Конденсатор X7R 50V  0,01uF±5%  0805"; VariantName = "[No Variations]"
Change component parameters: Designator = "C30" ("C30"); Footprint = "CAP: SMD 1210 MD IPC 782"; UniqueID = "\EDPNEUNV" ("\EDPNEUNV")
Change component parameters (AddParameter): Name = "Code"; Value = "6279261451"; VariantName = "[No Variations]"
Change component parameters (AddParameter): Name = "Name"; Value = "Конденсатор X7R 50V  0,01uF±5%  0805"; VariantName = "[No Variations]"
Change component parameters: Designator = "DA1" ("DA1"); Footprint = "IC: SOIC 8"; UniqueID = "\SMMFBNBU" ("\SMMFBNBU")
Change component parameters (AddParameter): Name = "Code"; Value = ""; VariantName = "[No Variations]"
Change component parameters (AddParameter): Name = "Name"; Value = "Микросхема OPA189IDBVR"; VariantName = "[No Variations]"
Change component parameters: Designator = "DA2" ("DA2"); Footprint = "IC: SOIC 8"; UniqueID = "\JWQNKUES" ("\JWQNKUES")
Change component parameters (AddParameter): Name = "Code"; Value = ""; VariantName = "[No Variations]"
Change component parameters (AddParameter): Name = "Name"; Value = "Микросхема OPA189IDBVR"; VariantName = "[No Variations]"
Change component parameters: Designator = "DA3" ("DA3"); Footprint = "IC: SOIC 8"; UniqueID = "\VOJXQTTE" ("\VOJXQTTE")
Change component parameters (AddParameter): Name = "Code"; Value = ""; VariantName = "[No Variations]"
Change component parameters (AddParameter): Name = "Name"; Value = "Микросхема OPA189IDBVR"; VariantName = "[No Variations]"
Change component parameters: Designator = "R1" ("R1"); Footprint = "RES: SMD 0805 MD IPC 782"; UniqueID = "\HOTNZEYE" ("\HOTNZEYE")
Change component parameters (AddParameter): Name = "Code"; Value = ""; VariantName = "[No Variations]"
Change component parameters (AddParameter): Name = "Name"; Value = "Резистор 75К±1% 0805"; VariantName = "[No Variations]"
Change component parameters: Designator = "R2" ("R2"); Footprint = "RES: SMD 0805 MD IPC 782"; UniqueID = "\DWZOBJKP" ("\DWZOBJKP")
Change component parameters (AddParameter): Name = "Code"; Value = ""; VariantName = "[No Variations]"
Change component parameters (AddParameter): Name = "Name"; Value = "Резистор 75К±1% 0805"; VariantName = "[No Variations]"
Change component parameters: Designator = "R3" ("R3"); Footprint = "RES: SMD 0805 MD IPC 782"; UniqueID = "\QFJXXUDT" ("\QFJXXUDT")
Change component parameters (AddParameter): Name = "Code"; Value = ""; VariantName = "[No Variations]"
Change component parameters (AddParameter): Name = "Name"; Value = "Резистор 75К±1% 0805"; VariantName = "[No Variations]"
Change component parameters: Designator = "R4" ("R4"); Footprint = "RES: SMD 0805 MD IPC 782"; UniqueID = "\GXZRUGWO" ("\GXZRUGWO")
Change component parameters (AddParameter): Name = "Code"; Value = ""; VariantName = "[No Variations]"
Change component parameters (AddParameter): Name = "Name"; Value = "Резистор 75К±1% 0805"; VariantName = "[No Variations]"
Change component parameters: Designator = "R5" ("R5"); Footprint = "RES: SMD 0805 MD IPC 782"; UniqueID = "\PNWEHJDF" ("\PNWEHJDF")
Change component parameters (AddParameter): Name = "Code"; Value = ""; VariantName = "[No Variations]"
Change component parameters (AddParameter): Name = "Name"; Value = "Резистор 75К±1% 0805"; VariantName = "[No Variations]"
Change component parameters: Designator = "R6" ("R6"); Footprint = "RES: SMD 0805 MD IPC 782"; UniqueID = "\WQBZKZIY" ("\WQBZKZIY")
Change component parameters (AddParameter): Name = "Code"; Value = ""; VariantName = "[No Variations]"
Change component parameters (AddParameter): Name = "Name"; Value = "Резистор 75К±1% 0805"; VariantName = "[No Variations]"
Change component parameters: Designator = "R7" ("R7"); Footprint = "RES: SMD 0805 MD IPC 782"; UniqueID = "\TMIIKZBM" ("\TMIIKZBM")
Change component parameters (AddParameter): Name = "Code"; Value = ""; VariantName = "[No Variations]"
Change component parameters (AddParameter): Name = "Name"; Value = "Резистор RC0805FR-071KL, Yageo"; VariantName = "[No Variations]"
Change component parameters: Designator = "R8" ("R8"); Footprint = "RES: SMD 0805 MD IPC 782"; UniqueID = "\FZDJTTZA" ("\FZDJTTZA")
Change component parameters (AddParameter): Name = "Code"; Value = ""; VariantName = "[No Variations]"
Change component parameters (AddParameter): Name = "Name"; Value = "Резистор RC0805FR-071KL, Yageo"; VariantName = "[No Variations]"
Change component parameters: Designator = "R9" ("R9"); Footprint = "RES: SMD 0805 MD IPC 782"; UniqueID = "\SZCFISVY" ("\SZCFISVY")
Change component parameters (AddParameter): Name = "Code"; Value = ""; VariantName = "[No Variations]"
Change component parameters (AddParameter): Name = "Name"; Value = "Резистор RC0805FR-071KL, Yageo"; VariantName = "[No Variations]"
Change component parameters: Designator = "R22" ("R22"); Footprint = "RES: SMD 0805 MD IPC 782"; UniqueID = "\SARMKIDE" ("\SARMKIDE")
Change component parameters (AddParameter): Name = "Code"; Value = ""; VariantName = "[No Variations]"
Change component parameters (AddParameter): Name = "Name"; Value = "Резистор 27k±1% 0805"; VariantName = "[No Variations]"
Change component parameters: Designator = "R23" ("R23"); Footprint = "RES: SMD 0805 MD IPC 782"; UniqueID = "\DFAXRPLH" ("\DFAXRPLH")
Change component parameters (AddParameter): Name = "Code"; Value = ""; VariantName = "[No Variations]"
Change component parameters (AddParameter): Name = "Name"; Value = "Резистор 27k±1% 0805"; VariantName = "[No Variations]"
Change component parameters: Designator = "R24" ("R24"); Footprint = "RES: SMD 0805 MD IPC 782"; UniqueID = "\KCHCYWEI" ("\KCHCYWEI")
Change component parameters (AddParameter): Name = "Code"; Value = ""; VariantName = "[No Variations]"
Change component parameters (AddParameter): Name = "Name"; Value = "Резистор 27k±1% 0805"; VariantName = "[No Variations]"
Change component parameters: Designator = "R25" ("R25"); Footprint = "RES: SMD 0805 MD IPC 782"; UniqueID = "\ZIRHUTZH" ("\ZIRHUTZH")
Change component parameters (AddParameter): Name = "Code"; Value = ""; VariantName = "[No Variations]"
Change component parameters (AddParameter): Name = "Name"; Value = "Резистор 27k±1% 0805"; VariantName = "[No Variations]"
Change component parameters: Designator = "R26" ("R26"); Footprint = "RES: SMD 0805 MD IPC 782"; UniqueID = "\XLBLUUQS" ("\XLBLUUQS")
Change component parameters (AddParameter): Name = "Code"; Value = ""; VariantName = "[No Variations]"
Change component parameters (AddParameter): Name = "Name"; Value = "Резистор 27k±1% 0805"; VariantName = "[No Variations]"
Change component parameters: Designator = "R27" ("R27"); Footprint = "RES: SMD 0805 MD IPC 782"; UniqueID = "\NHNUNUCZ" ("\NHNUNUCZ")
Change component parameters (AddParameter): Name = "Code"; Value = ""; VariantName = "[No Variations]"
Change component parameters (AddParameter): Name = "Name"; Value = "Резистор 27k±1% 0805"; VariantName = "[No Variations]"
Change component parameters: Designator = "R28" ("R28"); Footprint = "RES: SMD 0805 MD IPC 782"; UniqueID = "\NQRJIDCI" ("\NQRJIDCI")
Change component parameters (AddParameter): Name = "Code"; Value = "6094354057"; VariantName = "[No Variations]"
Change component parameters (AddParameter): Name = "Name"; Value = "Резистор 51K±1% 0805"; VariantName = "[No Variations]"
Change component parameters: Designator = "R29" ("R29"); Footprint = "RES: SMD 0805 MD IPC 782"; UniqueID = "\XVMODLHH" ("\XVMODLHH")
Change component parameters (AddParameter): Name = "Code"; Value = "6094354057"; VariantName = "[No Variations]"
Change component parameters (AddParameter): Name = "Name"; Value = "Резистор 51K±1% 0805"; VariantName = "[No Variations]"
Change component parameters: Designator = "R30" ("R30"); Footprint = "RES: SMD 0805 MD IPC 782"; UniqueID = "\JMVQXPKE" ("\JMVQXPKE")
Change component parameters (AddParameter): Name = "Code"; Value = "6094354057"; VariantName = "[No Variations]"
Change component parameters (AddParameter): Name = "Name"; Value = "Резистор 51K±1% 0805"; VariantName = "[No Variations]"
Added Component: Designator=C10(CAP: SMD 0805 MD IPC 782)
Add component (AddParameter): Name = "Code"; Value = "6279254871"; VariantName = "[No Variations]"
Add component (AddParameter): Name = "Name"; Value = "Конденсатор X7R 50V 0,1uF ±10% 0805"; VariantName = "[No Variations]"
Added Component: Designator=C22(CAP: SMD 0805 MD IPC 782)
Add component (AddParameter): Name = "Code"; Value = "6279261451"; VariantName = "[No Variations]"
Add component (AddParameter): Name = "Name"; Value = "Конденсатор X7R 50V  0,01uF±5%  0805"; VariantName = "[No Variations]"
Added Component: Designator=C32(CAP: SMD 0805 MD IPC 782)
Add component (AddParameter): Name = "Code"; Value = "6279254871"; VariantName = "[No Variations]"
Add component (AddParameter): Name = "Name"; Value = "Конденсатор X7R 50V 0,1uF ±10% 0805"; VariantName = "[No Variations]"
Added Component: Designator=C33(CAP: SMD 0805 MD IPC 782)
Add component (AddParameter): Name = "Code"; Value = "6279254871"; VariantName = "[No Variations]"
Add component (AddParameter): Name = "Name"; Value = "Конденсатор X7R 50V 0,1uF ±10% 0805"; VariantName = "[No Variations]"
Added Component: Designator=C34(CAP: SMD 0805 MD IPC 782)
Add component (AddParameter): Name = "Code"; Value = ""; VariantName = "[No Variations]"
Add component (AddParameter): Name = "Name"; Value = "Конденсатор 0805B224K500NT, Fenghua"; VariantName = "[No Variations]"
Added Component: Designator=C35(CAP: SMD 0805 MD IPC 782)
Add component (AddParameter): Name = "Code"; Value = ""; VariantName = "[No Variations]"
Add component (AddParameter): Name = "Name"; Value = "Конденсатор 0805B224K500NT, Fenghua"; VariantName = "[No Variations]"
Added Component: Designator=C36(CAP: SMD 0805 MD IPC 782)
Add component (AddParameter): Name = "Code"; Value = ""; VariantName = "[No Variations]"
Add component (AddParameter): Name = "Name"; Value = "Конденсатор 0805B224K500NT, Fenghua"; VariantName = "[No Variations]"
Added Component: Designator=C37(CAP: SMD 0805 MD IPC 782)
Add component (AddParameter): Name = "Code"; Value = "6279254811"; VariantName = "[No Variations]"
Add component (AddParameter): Name = "Name"; Value = "Конденсатор X7R 50V 0,47uF ±10% 0805"; VariantName = "[No Variations]"
Added Component: Designator=C38(CAP: SMD 0805 MD IPC 782)
Add component (AddParameter): Name = "Code"; Value = "6279254811"; VariantName = "[No Variations]"
Add component (AddParameter): Name = "Name"; Value = "Конденсатор X7R 50V 0,47uF ±10% 0805"; VariantName = "[No Variations]"
Added Component: Designator=C39(CAP: SMD 0805 MD IPC 782)
Add component (AddParameter): Name = "Code"; Value = "6279254811"; VariantName = "[No Variations]"
Add component (AddParameter): Name = "Name"; Value = "Конденсатор X7R 50V 0,47uF ±10% 0805"; VariantName = "[No Variations]"
Added Component: Designator=C40(CAP: SMD 0805 MD IPC 782)
Add component (AddParameter): Name = "Code"; Value = ""; VariantName = "[No Variations]"
Add component (AddParameter): Name = "Name"; Value = "Конденсатор 0805B224K500NT, Fenghua"; VariantName = "[No Variations]"
Added Component: Designator=C41(CAP: SMD 0805 MD IPC 782)
Add component (AddParameter): Name = "Code"; Value = ""; VariantName = "[No Variations]"
Add component (AddParameter): Name = "Name"; Value = "Конденсатор 0805B224K500NT, Fenghua"; VariantName = "[No Variations]"
Added Component: Designator=C42(CAP: SMD 0805 MD IPC 782)
Add component (AddParameter): Name = "Code"; Value = ""; VariantName = "[No Variations]"
Add component (AddParameter): Name = "Name"; Value = "Конденсатор 0805B224K500NT, Fenghua"; VariantName = "[No Variations]"
Added Component: Designator=R31(RES: SMD 0805 MD IPC 782)
Add component (AddParameter): Name = "Code"; Value = ""; VariantName = "[No Variations]"
Add component (AddParameter): Name = "Name"; Value = "Резистор 27k±1% 0805"; VariantName = "[No Variations]"
Added Component: Designator=R32(RES: SMD 0805 MD IPC 782)
Add component (AddParameter): Name = "Code"; Value = ""; VariantName = "[No Variations]"
Add component (AddParameter): Name = "Name"; Value = "Резистор 27k±1% 0805"; VariantName = "[No Variations]"
Added Component: Designator=R33(RES: SMD 0805 MD IPC 782)
Add component (AddParameter): Name = "Code"; Value = ""; VariantName = "[No Variations]"
Add component (AddParameter): Name = "Name"; Value = "Резистор 27k±1% 0805"; VariantName = "[No Variations]"
Added Component: Designator=R34(RES: SMD 0805 MD IPC 782)
Add component (AddParameter): Name = "Code"; Value = "6094354057"; VariantName = "[No Variations]"
Add component (AddParameter): Name = "Name"; Value = "Резистор 51K±1% 0805"; VariantName = "[No Variations]"
Added Component: Designator=R35(RES: SMD 0805 MD IPC 782)
Add component (AddParameter): Name = "Code"; Value = "6094354057"; VariantName = "[No Variations]"
Add component (AddParameter): Name = "Name"; Value = "Резистор 51K±1% 0805"; VariantName = "[No Variations]"
Added Component: Designator=R36(RES: SMD 0805 MD IPC 782)
Add component (AddParameter): Name = "Code"; Value = "6094354057"; VariantName = "[No Variations]"
Add component (AddParameter): Name = "Name"; Value = "Резистор 51K±1% 0805"; VariantName = "[No Variations]"
Added Component: Designator=R39(RES: SMD 0805 MD IPC 782)
Add component (AddParameter): Name = "Code"; Value = "6094357581"; VariantName = "[No Variations]"
Add component (AddParameter): Name = "Name"; Value = "Резистор 20K±1% 0805"; VariantName = "[No Variations]"
Added Component: Designator=R40(RES: SMD 0805 MD IPC 782)
Add component (AddParameter): Name = "Code"; Value = "6094357581"; VariantName = "[No Variations]"
Add component (AddParameter): Name = "Name"; Value = "Резистор 20K±1% 0805"; VariantName = "[No Variations]"
Added Pin To Net: NetName=-12 Pin=C10-1
Added Pin To Net: NetName=GND Pin=C10-2
Added Pin To Net: NetName=+12 Pin=C11-1
Added Pin To Net: NetName=GND Pin=C11-2
Added Pin To Net: NetName=-12 Pin=C12-1
Added Pin To Net: NetName=GND Pin=C12-2
Added Pin To Net: NetName=NetC26_1 Pin=C27-1
Added Pin To Net: NetName=+3.3 Pin=C32-1
Added Pin To Net: NetName=GND Pin=C32-2
Added Pin To Net: NetName=+3.3 Pin=C33-1
Added Pin To Net: NetName=GND Pin=C33-2
Added Pin To Net: NetName=GND Pin=C37-2
Added Pin To Net: NetName=GND Pin=C38-2
Added Pin To Net: NetName=GND Pin=C39-2
Added Pin To Net: NetName=NetC10_2 Pin=DA1-1
Added Pin To Net: NetName=-12 Pin=DA1-2
Added Pin To Net: NetName=NetDA1_2 Pin=DA1-4
Added Pin To Net: NetName=+12 Pin=DA1-5
Added Pin To Net: NetName=-12 Pin=DA2-2
Added Pin To Net: NetName=NetDA2_2 Pin=DA2-4
Added Pin To Net: NetName=+12 Pin=DA2-5
Added Pin To Net: NetName=-12 Pin=DA3-2
Added Pin To Net: NetName=NetDA3_2 Pin=DA3-4
Added Pin To Net: NetName=+12 Pin=DA3-5
Added Pin To Net: NetName=NetC28_1 Pin=DA7-3
Added Pin To Net: NetName=NetC29_1 Pin=DA8-3
Added Pin To Net: NetName=NetC30_1 Pin=DA9-3
Added Pin To Net: NetName=NetDA4_6 Pin=R22-1
Added Pin To Net: NetName=NetDA5_6 Pin=R23-1
Added Pin To Net: NetName=NetDA6_6 Pin=R24-1
Added Pin To Net: NetName=NetC26_1 Pin=R24-2
Added Pin To Net: NetName=NetC28_1 Pin=R25-2
Added Pin To Net: NetName=NetC29_1 Pin=R26-2
Added Pin To Net: NetName=NetC26_1 Pin=R27-1
Added Pin To Net: NetName=NetC30_1 Pin=R27-2
Added Pin To Net: NetName=GND Pin=R31-1
Added Pin To Net: NetName=GND Pin=R32-1
Added Pin To Net: NetName=GND Pin=R33-1
Added Pin To Net: NetName=GND Pin=R39-1
Added Pin To Net: NetName=+12 Pin=R39-2
Added Pin To Net: NetName=GND Pin=R40-1
Added Pin To Net: NetName=-12 Pin=R40-2
Added Pin To Net: NetName=+12 Pin=X5-3
Change Net Name : Old Net Name=NetC10_1 New Net Name=NetC13_1
Change Net Name : Old Net Name=NetC10_2 New Net Name=NetC13_2
Change Net Name : Old Net Name=NetDA1_2 New Net Name=NetDA1_4
Change Net Name : Old Net Name=NetDA2_2 New Net Name=NetDA2_4
Change Net Name : Old Net Name=NetDA3_2 New Net Name=NetDA3_4
Added Pin To Net: NetName=NetC14_1 Pin=C14-1
Added Pin To Net: NetName=NetC14_1 Pin=R11-1
Added Net: Name=NetC14_1
Added Pin To Net: NetName=NetC15_1 Pin=C15-1
Added Pin To Net: NetName=NetC15_1 Pin=R12-1
Added Net: Name=NetC15_1
Added Pin To Net: NetName=NetC15_2 Pin=C15-2
Added Pin To Net: NetName=NetC15_2 Pin=DA3-1
Added Pin To Net: NetName=NetC15_2 Pin=R9-1
Added Pin To Net: NetName=NetC15_2 Pin=X3-1
Added Net: Name=NetC15_2
Added Pin To Net: NetName=NetC22_1 Pin=C22-1
Added Pin To Net: NetName=NetC22_1 Pin=C23-1
Added Pin To Net: NetName=NetC22_1 Pin=R22-2
Added Pin To Net: NetName=NetC22_1 Pin=R25-1
Added Net: Name=NetC22_1
Added Pin To Net: NetName=NetC22_2 Pin=C22-2
Added Pin To Net: NetName=NetC22_2 Pin=C23-2
Added Pin To Net: NetName=NetC22_2 Pin=C34-2
Added Pin To Net: NetName=NetC22_2 Pin=DA7-1
Added Pin To Net: NetName=NetC22_2 Pin=DA7-4
Added Pin To Net: NetName=NetC22_2 Pin=R28-1
Added Net: Name=NetC22_2
Added Pin To Net: NetName=NetC24_1 Pin=C24-1
Added Pin To Net: NetName=NetC24_1 Pin=C25-1
Added Pin To Net: NetName=NetC24_1 Pin=R23-2
Added Pin To Net: NetName=NetC24_1 Pin=R26-1
Added Net: Name=NetC24_1
Added Pin To Net: NetName=NetC24_2 Pin=C24-2
Added Pin To Net: NetName=NetC24_2 Pin=C25-2
Added Pin To Net: NetName=NetC24_2 Pin=C35-2
Added Pin To Net: NetName=NetC24_2 Pin=DA8-1
Added Pin To Net: NetName=NetC24_2 Pin=DA8-4
Added Pin To Net: NetName=NetC24_2 Pin=R29-1
Added Net: Name=NetC24_2
Added Pin To Net: NetName=NetC26_2 Pin=C26-2
Added Pin To Net: NetName=NetC26_2 Pin=C27-2
Added Pin To Net: NetName=NetC26_2 Pin=C36-2
Added Pin To Net: NetName=NetC26_2 Pin=DA9-1
Added Pin To Net: NetName=NetC26_2 Pin=DA9-4
Added Pin To Net: NetName=NetC26_2 Pin=R30-1
Added Net: Name=NetC26_2
Added Pin To Net: NetName=NetC34_1 Pin=C34-1
Added Pin To Net: NetName=NetC34_1 Pin=C40-2
Added Pin To Net: NetName=NetC34_1 Pin=R31-2
Added Net: Name=NetC34_1
Added Pin To Net: NetName=NetC35_1 Pin=C35-1
Added Pin To Net: NetName=NetC35_1 Pin=C41-2
Added Pin To Net: NetName=NetC35_1 Pin=R32-2
Added Net: Name=NetC35_1
Added Pin To Net: NetName=NetC36_1 Pin=C36-1
Added Pin To Net: NetName=NetC36_1 Pin=C42-2
Added Pin To Net: NetName=NetC36_1 Pin=R33-2
Added Net: Name=NetC36_1
Added Pin To Net: NetName=NetC37_1 Pin=C37-1
Added Pin To Net: NetName=NetC37_1 Pin=R28-2
Added Pin To Net: NetName=NetC37_1 Pin=R34-1
Added Net: Name=NetC37_1
Added Pin To Net: NetName=NetC38_1 Pin=C38-1
Added Pin To Net: NetName=NetC38_1 Pin=R29-2
Added Pin To Net: NetName=NetC38_1 Pin=R35-1
Added Net: Name=NetC38_1
Added Pin To Net: NetName=NetC39_1 Pin=C39-1
Added Pin To Net: NetName=NetC39_1 Pin=R30-2
Added Pin To Net: NetName=NetC39_1 Pin=R36-1
Added Net: Name=NetC39_1
Added Pin To Net: NetName=NetC40_1 Pin=C40-1
Added Pin To Net: NetName=NetC40_1 Pin=R34-2
Added Pin To Net: NetName=NetC40_1 Pin=X4-1
Added Net: Name=NetC40_1
Added Pin To Net: NetName=NetC41_1 Pin=C41-1
Added Pin To Net: NetName=NetC41_1 Pin=R35-2
Added Pin To Net: NetName=NetC41_1 Pin=X4-2
Added Net: Name=NetC41_1
Added Pin To Net: NetName=NetC42_1 Pin=C42-1
Added Pin To Net: NetName=NetC42_1 Pin=R36-2
Added Pin To Net: NetName=NetC42_1 Pin=X4-3
Added Net: Name=NetC42_1
Added Pin To Net: NetName=NetDA2_1 Pin=DA2-1
Added Pin To Net: NetName=NetDA2_1 Pin=R8-1
Added Pin To Net: NetName=NetDA2_1 Pin=X2-1
Added Net: Name=NetDA2_1
Added Member To Class: ClassName=ECG_mesurment_2 Member=Component C7 0.1u 50V 0805 ±10%
Added Member To Class: ClassName=ECG_mesurment_2 Member=Component C8 0.1u 50V 0805 ±10%
Added Member To Class: ClassName=ECG_mesurment_2 Member=Component C9 0.1u 50V 0805 ±10%
Added Member To Class: ClassName=ECG_mesurment_2 Member=Component C10 0.1u 50V 0805 ±10%
Added Member To Class: ClassName=ECG_mesurment_2 Member=Component C11 0.1u 50V 0805 ±10%
Added Member To Class: ClassName=ECG_mesurment_2 Member=Component C12 0.1u 50V 0805 ±10%
Added Member To Class: ClassName=ECG_mesurment_2 Member=Component C13 6.8n 50V 0805 ±5%
Added Member To Class: ClassName=ECG_mesurment_2 Member=Component C14 6.8n 50V 0805 ±5%
Added Member To Class: ClassName=ECG_mesurment_2 Member=Component C15 6.8n 50V 0805 ±5%
Added Member To Class: ClassName=ECG_mesurment_2 Member=Component C16 0.1u 50V 0805 ±10%
Added Member To Class: ClassName=ECG_mesurment_2 Member=Component C18 0.1u 50V 0805 ±10%
Added Member To Class: ClassName=ECG_mesurment_2 Member=Component C20 0.1u 50V 0805 ±10%
Added Member To Class: ClassName=ECG_mesurment_2 Member=Component C31 0.1u 50V 0805 ±10%
Added Member To Class: ClassName=ECG_mesurment_2 Member=Component C32 0.1u 50V 0805 ±10%
Added Member To Class: ClassName=ECG_mesurment_2 Member=Component C33 0.1u 50V 0805 ±10%
Added Member To Class: ClassName=ECG_mesurment_2 Member=Component C34 0.22u 50V 0805 ±10%
Added Member To Class: ClassName=ECG_mesurment_2 Member=Component C35 0.22u 50V 0805 ±10%
Added Member To Class: ClassName=ECG_mesurment_2 Member=Component C36 0.22u 50V 0805 ±10%
Added Member To Class: ClassName=ECG_mesurment_2 Member=Component C37 0.47u 0805 ±10%
Added Member To Class: ClassName=ECG_mesurment_2 Member=Component C38 0.47u 0805 ±10%
Added Member To Class: ClassName=ECG_mesurment_2 Member=Component C39 0.47u 0805 ±10%
Added Member To Class: ClassName=ECG_mesurment_2 Member=Component C40 0.22u 50V 0805 ±10%
Added Member To Class: ClassName=ECG_mesurment_2 Member=Component C41 0.22u 50V 0805 ±10%
Added Member To Class: ClassName=ECG_mesurment_2 Member=Component C42 0.22u 50V 0805 ±10%
Added Member To Class: ClassName=ECG_mesurment_2 Member=Component DA1 OPA189IDBVR
Added Member To Class: ClassName=ECG_mesurment_2 Member=Component DA2 OPA189IDBVR
Added Member To Class: ClassName=ECG_mesurment_2 Member=Component DA3 OPA189IDBVR
Added Member To Class: ClassName=ECG_mesurment_2 Member=Component DA4 AD620
Added Member To Class: ClassName=ECG_mesurment_2 Member=Component DA6 AD620
Added Member To Class: ClassName=ECG_mesurment_2 Member=Component DA7 TLV9101
Added Member To Class: ClassName=ECG_mesurment_2 Member=Component DA8 TLV9101
Added Member To Class: ClassName=ECG_mesurment_2 Member=Component R7 1M ±1% 0805
Added Member To Class: ClassName=ECG_mesurment_2 Member=Component R8 1M ±1% 0805
Added Member To Class: ClassName=ECG_mesurment_2 Member=Component R9 1M ±1% 0805
Added Member To Class: ClassName=ECG_mesurment_2 Member=Component R10 10k ±1% 0805
Added Member To Class: ClassName=ECG_mesurment_2 Member=Component R11 10k ±1% 0805
Added Member To Class: ClassName=ECG_mesurment_2 Member=Component R12 10k ±1% 0805
Added Member To Class: ClassName=ECG_mesurment_2 Member=Component R13 20k ±1% 0805
Added Member To Class: ClassName=ECG_mesurment_2 Member=Component R15 20k ±1% 0805
Added Member To Class: ClassName=ECG_mesurment_2 Member=Component R16 1k ±1% 0805
Added Member To Class: ClassName=ECG_mesurment_2 Member=Component R17 20k ±1% 0805
Added Member To Class: ClassName=ECG_mesurment_2 Member=Component R19 20k ±1% 0805
Added Member To Class: ClassName=ECG_mesurment_2 Member=Component R20 20k ±1% 0805
Added Member To Class: ClassName=ECG_mesurment_2 Member=Component R33 27k ±1% 0805
Added Member To Class: ClassName=ECG_mesurment_2 Member=Component R34 51k ±1% 0805
Added Member To Class: ClassName=ECG_mesurment_2 Member=Component R35 51k ±1% 0805
Added Member To Class: ClassName=ECG_mesurment_2 Member=Component R36 51k ±1% 0805
Added Member To Class: ClassName=ECG_mesurment_2 Member=Component R37 1k ±1% 0805
Added Member To Class: ClassName=ECG_mesurment_2 Member=Component R38 1k ±1% 0805
Added Member To Class: ClassName=ECG_mesurment_2 Member=Component R39 20k ±1% 0805
Added Member To Class: ClassName=ECG_mesurment_2 Member=Component R40 20k ±1% 0805
