Added Component: Designator=C1(CAP: SMD 0805 MD IPC 782)
Add component (AddParameter): Name = "Code"; Value = "6279254871"; VariantName = "[No Variations]"
Add component (AddParameter): Name = "Name"; Value = "Конденсатор X7R 50V 0,1uF ±10% 0805"; VariantName = "[No Variations]"
Added Component: Designator=C1(CAP: SMD 0805 MD IPC 782)
Add component (AddParameter): Name = "Code"; Value = "6279254871"; VariantName = "[No Variations]"
Add component (AddParameter): Name = "Name"; Value = "Конденсатор X7R 50V 0,1uF ±10% 0805"; VariantName = "[No Variations]"
Added Component: Designator=C2(CAP: SMD 0805 MD IPC 782)
Add component (AddParameter): Name = "Code"; Value = "6279254871"; VariantName = "[No Variations]"
Add component (AddParameter): Name = "Name"; Value = "Конденсатор X7R 50V 0,1uF ±10% 0805"; VariantName = "[No Variations]"
Added Component: Designator=C2(CAP: SMD 0805 MD IPC 782)
Add component (AddParameter): Name = "Code"; Value = "6279254871"; VariantName = "[No Variations]"
Add component (AddParameter): Name = "Name"; Value = "Конденсатор X7R 50V 0,1uF ±10% 0805"; VariantName = "[No Variations]"
Added Component: Designator=C3(CAP: SMD 0805 MD IPC 782)
Add component (AddParameter): Name = "Code"; Value = "6279254871"; VariantName = "[No Variations]"
Add component (AddParameter): Name = "Name"; Value = "Конденсатор X7R 50V 0,1uF ±10% 0805"; VariantName = "[No Variations]"
Added Component: Designator=C4(CAP: SMD 0805 MD IPC 782)
Add component (AddParameter): Name = "Code"; Value = "6279254871"; VariantName = "[No Variations]"
Add component (AddParameter): Name = "Name"; Value = "Конденсатор X7R 50V 0,1uF ±10% 0805"; VariantName = "[No Variations]"
Added Component: Designator=C7(CAP: SMD 0805 MD IPC 782)
Add component (AddParameter): Name = "Code"; Value = "6279254871"; VariantName = "[No Variations]"
Add component (AddParameter): Name = "Name"; Value = "Конденсатор X7R 50V 0,1uF ±10% 0805"; VariantName = "[No Variations]"
Added Component: Designator=C8(CAP: SMD 0805 MD IPC 782)
Add component (AddParameter): Name = "Code"; Value = "6279254871"; VariantName = "[No Variations]"
Add component (AddParameter): Name = "Name"; Value = "Конденсатор X7R 50V 0,1uF ±10% 0805"; VariantName = "[No Variations]"
Added Component: Designator=C9(CAP: SMD 0805 MD IPC 782)
Add component (AddParameter): Name = "Code"; Value = "6279254871"; VariantName = "[No Variations]"
Add component (AddParameter): Name = "Name"; Value = "Конденсатор X7R 50V 0,1uF ±10% 0805"; VariantName = "[No Variations]"
Added Component: Designator=C10(CAP: SMD 0805 MD IPC 782)
Add component (AddParameter): Name = "Code"; Value = "6279254871"; VariantName = "[No Variations]"
Add component (AddParameter): Name = "Name"; Value = "Конденсатор X7R 50V 0,1uF ±10% 0805"; VariantName = "[No Variations]"
Added Component: Designator=C11(CAP: SMD 0805 MD IPC 782)
Add component (AddParameter): Name = "Code"; Value = "6279254871"; VariantName = "[No Variations]"
Add component (AddParameter): Name = "Name"; Value = "Конденсатор X7R 50V 0,1uF ±10% 0805"; VariantName = "[No Variations]"
Added Component: Designator=C12(CAP: SMD 0805 MD IPC 782)
Add component (AddParameter): Name = "Code"; Value = "6279254871"; VariantName = "[No Variations]"
Add component (AddParameter): Name = "Name"; Value = "Конденсатор X7R 50V 0,1uF ±10% 0805"; VariantName = "[No Variations]"
Added Component: Designator=C13(CAP: SMD 0805 MD IPC 782)
Add component (AddParameter): Name = "Code"; Value = "6279254871"; VariantName = "[No Variations]"
Add component (AddParameter): Name = "Name"; Value = "Конденсатор X7R 50V 0,1uF ±10% 0805"; VariantName = "[No Variations]"
Added Component: Designator=C14(CAP: SMD 0805 MD IPC 782)
Add component (AddParameter): Name = "Code"; Value = "6279254871"; VariantName = "[No Variations]"
Add component (AddParameter): Name = "Name"; Value = "Конденсатор X7R 50V 0,1uF ±10% 0805"; VariantName = "[No Variations]"
Added Component: Designator=C15(CAP: SMD 0805 MD IPC 782)
Add component (AddParameter): Name = "Code"; Value = "6279254871"; VariantName = "[No Variations]"
Add component (AddParameter): Name = "Name"; Value = "Конденсатор X7R 50V 0,1uF ±10% 0805"; VariantName = "[No Variations]"
Added Component: Designator=C16(CAP: SMD 0805 MD IPC 782)
Add component (AddParameter): Name = "Code"; Value = "6279254871"; VariantName = "[No Variations]"
Add component (AddParameter): Name = "Name"; Value = "Конденсатор X7R 50V 0,1uF ±10% 0805"; VariantName = "[No Variations]"
Added Component: Designator=C17(CAP: SMD 0805 MD IPC 782)
Add component (AddParameter): Name = "Code"; Value = "6279254871"; VariantName = "[No Variations]"
Add component (AddParameter): Name = "Name"; Value = "Конденсатор X7R 50V 0,1uF ±10% 0805"; VariantName = "[No Variations]"
Added Component: Designator=C18(CAP: SMD 0805 MD IPC 782)
Add component (AddParameter): Name = "Code"; Value = "6279254871"; VariantName = "[No Variations]"
Add component (AddParameter): Name = "Name"; Value = "Конденсатор X7R 50V 0,1uF ±10% 0805"; VariantName = "[No Variations]"
Added Component: Designator=C19(CAP: SMD 0805 MD IPC 782)
Add component (AddParameter): Name = "Code"; Value = "6279254871"; VariantName = "[No Variations]"
Add component (AddParameter): Name = "Name"; Value = "Конденсатор X7R 50V 0,1uF ±10% 0805"; VariantName = "[No Variations]"
Added Component: Designator=C20(CAP: SMD 0805 MD IPC 782)
Add component (AddParameter): Name = "Code"; Value = "6279254871"; VariantName = "[No Variations]"
Add component (AddParameter): Name = "Name"; Value = "Конденсатор X7R 50V 0,1uF ±10% 0805"; VariantName = "[No Variations]"
Added Component: Designator=C21(CAP: SMD 0805 MD IPC 782)
Add component (AddParameter): Name = "Code"; Value = "6279254871"; VariantName = "[No Variations]"
Add component (AddParameter): Name = "Name"; Value = "Конденсатор X7R 50V 0,1uF ±10% 0805"; VariantName = "[No Variations]"
Added Component: Designator=DA1(IC: SOIC 8)
Add component (AddParameter): Name = "Code"; Value = "6335601961"; VariantName = "[No Variations]"
Add component (AddParameter): Name = "Name"; Value = "Микросхема REF196GS, AD"; VariantName = "[No Variations]"
Added Component: Designator=DA2(IC: SOT 223)
Add component (AddParameter): Name = "Code"; Value = "6339112951"; VariantName = "[No Variations]"
Add component (AddParameter): Name = "Name"; Value = "Микросхема AMS-1117-3.3"; VariantName = "[No Variations]"
Added Component: Designator=DA3(IC: SOIC 8)
Added Component: Designator=DA4(IC: SOIC 8)
Added Component: Designator=DA5(IC: SOIC 8)
Added Component: Designator=DA6(IC: SOT 23 5pin)
Add component (AddParameter): Name = "Code"; Value = "6339115821"; VariantName = "[No Variations]"
Add component (AddParameter): Name = "Name"; Value = "Микросхема TLV9101IDBVR"; VariantName = "[No Variations]"
Added Component: Designator=DA7(IC: SOT 23 5pin)
Add component (AddParameter): Name = "Code"; Value = "6339115821"; VariantName = "[No Variations]"
Add component (AddParameter): Name = "Name"; Value = "Микросхема TLV9101IDBVR"; VariantName = "[No Variations]"
Added Component: Designator=DA8(IC: SOT 23 5pin)
Add component (AddParameter): Name = "Code"; Value = "6339115821"; VariantName = "[No Variations]"
Add component (AddParameter): Name = "Name"; Value = "Микросхема TLV9101IDBVR"; VariantName = "[No Variations]"
Added Component: Designator=L1(IND: 40x40)
Add component (AddParameter): Name = "Code"; Value = "6319196471"; VariantName = "[No Variations]"
Add component (AddParameter): Name = "Name"; Value = "Дроссель IHLP4040DZER100M11"; VariantName = "[No Variations]"
Added Component: Designator=L2(IND: 40x40)
Add component (AddParameter): Name = "Code"; Value = "6319196471"; VariantName = "[No Variations]"
Add component (AddParameter): Name = "Name"; Value = "Дроссель IHLP4040DZER100M11"; VariantName = "[No Variations]"
Added Component: Designator=L3(IND: 40x40)
Add component (AddParameter): Name = "Code"; Value = "6319196471"; VariantName = "[No Variations]"
Add component (AddParameter): Name = "Name"; Value = "Дроссель IHLP4040DZER100M11"; VariantName = "[No Variations]"
Added Component: Designator=R1(RES: SMD 0805 MD IPC 782)
Add component (AddParameter): Name = "Code"; Value = "6027158691"; VariantName = "[No Variations]"
Add component (AddParameter): Name = "Name"; Value = "Резистор RC0805FR-071KL, Yageo"; VariantName = "[No Variations]"
Added Component: Designator=R2(RES: SMD 0805 MD IPC 782)
Add component (AddParameter): Name = "Code"; Value = "6027158691"; VariantName = "[No Variations]"
Add component (AddParameter): Name = "Name"; Value = "Резистор RC0805FR-071KL, Yageo"; VariantName = "[No Variations]"
Added Component: Designator=R3(RES: SMD 0805 MD IPC 782)
Add component (AddParameter): Name = "Code"; Value = "6020003061"; VariantName = "[No Variations]"
Add component (AddParameter): Name = "Name"; Value = "Резистор RC0805JR-0710KL"; VariantName = "[No Variations]"
Added Component: Designator=R4(RES: SMD 0805 MD IPC 782)
Add component (AddParameter): Name = "Code"; Value = "6020003061"; VariantName = "[No Variations]"
Add component (AddParameter): Name = "Name"; Value = "Резистор RC0805JR-0710KL"; VariantName = "[No Variations]"
Added Component: Designator=R5(RES: SMD 0805 MD IPC 782)
Add component (AddParameter): Name = "Code"; Value = "6020003061"; VariantName = "[No Variations]"
Add component (AddParameter): Name = "Name"; Value = "Резистор RC0805JR-0710KL"; VariantName = "[No Variations]"
Added Component: Designator=R6(RES: SMD 0805 MD IPC 782)
Add component (AddParameter): Name = "Code"; Value = "6020003061"; VariantName = "[No Variations]"
Add component (AddParameter): Name = "Name"; Value = "Резистор RC0805JR-0710KL"; VariantName = "[No Variations]"
Added Component: Designator=R7(RES: SMD 0805 MD IPC 782)
Add component (AddParameter): Name = "Code"; Value = "6020003061"; VariantName = "[No Variations]"
Add component (AddParameter): Name = "Name"; Value = "Резистор RC0805JR-0710KL"; VariantName = "[No Variations]"
Added Component: Designator=R8(RES: SMD 0805 MD IPC 782)
Add component (AddParameter): Name = "Code"; Value = "6020003061"; VariantName = "[No Variations]"
Add component (AddParameter): Name = "Name"; Value = "Резистор RC0805JR-0710KL"; VariantName = "[No Variations]"
Added Component: Designator=R9(RES: SMD 0805 MD IPC 782)
Add component (AddParameter): Name = "Code"; Value = "6027158691"; VariantName = "[No Variations]"
Add component (AddParameter): Name = "Name"; Value = "Резистор RC0805FR-071KL, Yageo"; VariantName = "[No Variations]"
Added Component: Designator=R10(RES: SMD 0805 MD IPC 782)
Add component (AddParameter): Name = "Code"; Value = "6027158691"; VariantName = "[No Variations]"
Add component (AddParameter): Name = "Name"; Value = "Резистор RC0805FR-071KL, Yageo"; VariantName = "[No Variations]"
Added Component: Designator=R11(RES: SMD 0805 MD IPC 782)
Add component (AddParameter): Name = "Code"; Value = "6027158691"; VariantName = "[No Variations]"
Add component (AddParameter): Name = "Name"; Value = "Резистор RC0805FR-071KL, Yageo"; VariantName = "[No Variations]"
Added Component: Designator=R12(RES: SMD 0805 MD IPC 782)
Add component (AddParameter): Name = "Code"; Value = "6094357511"; VariantName = "[No Variations]"
Add component (AddParameter): Name = "Name"; Value = "Резистор 10K±1% 0805"; VariantName = "[No Variations]"
Added Component: Designator=R13(RES: SMD 0805 MD IPC 782)
Add component (AddParameter): Name = "Code"; Value = "6094357511"; VariantName = "[No Variations]"
Add component (AddParameter): Name = "Name"; Value = "Резистор 10K±1% 0805"; VariantName = "[No Variations]"
Added Component: Designator=R14(RES: SMD 0805 MD IPC 782)
Add component (AddParameter): Name = "Code"; Value = "6094357511"; VariantName = "[No Variations]"
Add component (AddParameter): Name = "Name"; Value = "Резистор 10K±1% 0805"; VariantName = "[No Variations]"
Added Component: Designator=R15(RES: SMD 0805 MD IPC 782)
Add component (AddParameter): Name = "Code"; Value = "6027162091"; VariantName = "[No Variations]"
Add component (AddParameter): Name = "Name"; Value = "Резистор RT0805FRE1015KL, Yageo"; VariantName = "[No Variations]"
Added Component: Designator=R16(RES: SMD 0805 MD IPC 782)
Add component (AddParameter): Name = "Code"; Value = "6027162091"; VariantName = "[No Variations]"
Add component (AddParameter): Name = "Name"; Value = "Резистор RT0805FRE1015KL, Yageo"; VariantName = "[No Variations]"
Added Component: Designator=R17(RES: SMD 0805 MD IPC 782)
Add component (AddParameter): Name = "Code"; Value = "6027162091"; VariantName = "[No Variations]"
Add component (AddParameter): Name = "Name"; Value = "Резистор RT0805FRE1015KL, Yageo"; VariantName = "[No Variations]"
Added Component: Designator=R18(RES: SMD 0805 MD IPC 782)
Add component (AddParameter): Name = "Code"; Value = "6027158731"; VariantName = "[No Variations]"
Add component (AddParameter): Name = "Name"; Value = "Резистор RC0805FR-074K7L, Yageo"; VariantName = "[No Variations]"
Added Component: Designator=R19(RES: SMD 0805 MD IPC 782)
Add component (AddParameter): Name = "Code"; Value = "6027158731"; VariantName = "[No Variations]"
Add component (AddParameter): Name = "Name"; Value = "Резистор RC0805FR-074K7L, Yageo"; VariantName = "[No Variations]"
Added Component: Designator=R20(RES: SMD 0805 MD IPC 782)
Add component (AddParameter): Name = "Code"; Value = "6027158731"; VariantName = "[No Variations]"
Add component (AddParameter): Name = "Name"; Value = "Резистор RC0805FR-074K7L, Yageo"; VariantName = "[No Variations]"
Added Component: Designator=X1(CON: 3pin wf-3)
Add component (AddParameter): Name = "Code"; Value = "6313932013"; VariantName = "[No Variations]"
Add component (AddParameter): Name = "Name"; Value = "Вилка WF-3"; VariantName = "[No Variations]"
Added Component: Designator=X2(CON: 3pin wf-3)
Add component (AddParameter): Name = "Code"; Value = "6313932013"; VariantName = "[No Variations]"
Add component (AddParameter): Name = "Name"; Value = "Вилка WF-3"; VariantName = "[No Variations]"
Added Component: Designator=X3(CON: 3pin wf-3)
Add component (AddParameter): Name = "Code"; Value = "6313932013"; VariantName = "[No Variations]"
Add component (AddParameter): Name = "Name"; Value = "Вилка WF-3"; VariantName = "[No Variations]"
Added Component: Designator=X4(CON: 4pin wf-4)
Add component (AddParameter): Name = "Code"; Value = "6313932041"; VariantName = "[No Variations]"
Add component (AddParameter): Name = "Name"; Value = "Вилка WF-4"; VariantName = "[No Variations]"
Added Component: Designator=X5(CON: 4pin wf-4)
Add component (AddParameter): Name = "Code"; Value = "6313932041"; VariantName = "[No Variations]"
Add component (AddParameter): Name = "Name"; Value = "Вилка WF-4"; VariantName = "[No Variations]"
Added Pin To Net: NetName=NetC1_1 Pin=C1-1
Added Pin To Net: NetName=NetC1_2 Pin=C1-2
Added Pin To Net: NetName=NetC2_1 Pin=C2-1
Added Pin To Net: NetName=NetC2_2 Pin=C2-2
Added Pin To Net: NetName=NetC3_1 Pin=C3-1
Added Pin To Net: NetName=NetC3_2 Pin=C3-2
Added Pin To Net: NetName=NetC4_2 Pin=C4-2
Added Pin To Net: NetName=-12 Pin=C7-1
Added Pin To Net: NetName=GND Pin=C7-2
Added Pin To Net: NetName=-12 Pin=C8-1
Added Pin To Net: NetName=GND Pin=C8-2
Added Pin To Net: NetName=-12 Pin=C9-1
Added Pin To Net: NetName=GND Pin=C9-2
Added Pin To Net: NetName=+12 Pin=C10-1
Added Pin To Net: NetName=GND Pin=C10-2
Added Pin To Net: NetName=+12 Pin=C11-1
Added Pin To Net: NetName=GND Pin=C11-2
Added Pin To Net: NetName=+12 Pin=C12-1
Added Pin To Net: NetName=GND Pin=C12-2
Added Pin To Net: NetName=+3.3 Pin=C13-1
Added Pin To Net: NetName=GND Pin=C13-2
Added Pin To Net: NetName=+3.3 Pin=C14-1
Added Pin To Net: NetName=GND Pin=C14-2
Added Pin To Net: NetName=+3.3 Pin=C15-1
Added Pin To Net: NetName=GND Pin=C15-2
Added Pin To Net: NetName=NetC16_1 Pin=C16-1
Added Pin To Net: NetName=GND Pin=C16-2
Added Pin To Net: NetName=NetC17_1 Pin=C17-1
Added Pin To Net: NetName=GND Pin=C17-2
Added Pin To Net: NetName=NetC18_1 Pin=C18-1
Added Pin To Net: NetName=GND Pin=C18-2
Added Pin To Net: NetName=NetC19_1 Pin=C19-1
Added Pin To Net: NetName=GND Pin=C19-2
Added Pin To Net: NetName=NetC20_1 Pin=C20-1
Added Pin To Net: NetName=GND Pin=C20-2
Added Pin To Net: NetName=NetC21_1 Pin=C21-1
Added Pin To Net: NetName=GND Pin=C21-2
Added Pin To Net: NetName=+5 Pin=DA1-2
Added Pin To Net: NetName=GND Pin=DA1-4
Added Pin To Net: NetName=NetDA1_6 Pin=DA1-6
Added Pin To Net: NetName=GND Pin=DA2-1
Added Pin To Net: NetName=+3.3 Pin=DA2-2
Added Pin To Net: NetName=+5 Pin=DA2-3
Added Pin To Net: NetName=+3.3 Pin=DA2-4
Added Pin To Net: NetName=NetDA3_1 Pin=DA3-1
Added Pin To Net: NetName=NetC1_1 Pin=DA3-2
Added Pin To Net: NetName=NetC2_1 Pin=DA3-3
Added Pin To Net: NetName=-12 Pin=DA3-4
Added Pin To Net: NetName=REF +1.65 Pin=DA3-5
Added Pin To Net: NetName=NetDA3_6 Pin=DA3-6
Added Pin To Net: NetName=+12 Pin=DA3-7
Added Pin To Net: NetName=NetDA3_8 Pin=DA3-8
Added Pin To Net: NetName=NetDA4_1 Pin=DA4-1
Added Pin To Net: NetName=-12 Pin=DA4-4
Added Pin To Net: NetName=REF +1.65 Pin=DA4-5
Added Pin To Net: NetName=NetDA4_6 Pin=DA4-6
Added Pin To Net: NetName=+12 Pin=DA4-7
Added Pin To Net: NetName=NetDA4_8 Pin=DA4-8
Added Pin To Net: NetName=NetDA5_1 Pin=DA5-1
Added Pin To Net: NetName=NetC3_1 Pin=DA5-2
Added Pin To Net: NetName=NetDA5_3 Pin=DA5-3
Added Pin To Net: NetName=-12 Pin=DA5-4
Added Pin To Net: NetName=REF +1.65 Pin=DA5-5
Added Pin To Net: NetName=NetDA5_6 Pin=DA5-6
Added Pin To Net: NetName=+12 Pin=DA5-7
Added Pin To Net: NetName=NetDA5_8 Pin=DA5-8
Added Pin To Net: NetName=NetDA6_1 Pin=DA6-1
Added Pin To Net: NetName=GND Pin=DA6-2
Added Pin To Net: NetName=NetDA4_6 Pin=DA6-3
Added Pin To Net: NetName=NetDA6_4 Pin=DA6-4
Added Pin To Net: NetName=+3.3 Pin=DA6-5
Added Pin To Net: NetName=NetDA7_1 Pin=DA7-1
Added Pin To Net: NetName=GND Pin=DA7-2
Added Pin To Net: NetName=NetDA5_6 Pin=DA7-3
Added Pin To Net: NetName=NetDA7_4 Pin=DA7-4
Added Pin To Net: NetName=+3.3 Pin=DA7-5
Added Pin To Net: NetName=NetDA8_1 Pin=DA8-1
Added Pin To Net: NetName=GND Pin=DA8-2
Added Pin To Net: NetName=NetDA3_6 Pin=DA8-3
Added Pin To Net: NetName=NetDA8_4 Pin=DA8-4
Added Pin To Net: NetName=+3.3 Pin=DA8-5
Added Pin To Net: NetName=NetC16_1 Pin=L1-1
Added Pin To Net: NetName=NetC19_1 Pin=L1-2
Added Pin To Net: NetName=NetC17_1 Pin=L2-1
Added Pin To Net: NetName=NetC20_1 Pin=L2-2
Added Pin To Net: NetName=NetC18_1 Pin=L3-1
Added Pin To Net: NetName=NetC21_1 Pin=L3-2
Added Pin To Net: NetName=REF +1.65 Pin=R1-1
Added Pin To Net: NetName=NetDA1_6 Pin=R1-2
Added Pin To Net: NetName=GND Pin=R2-1
Added Pin To Net: NetName=REF +1.65 Pin=R2-2
Added Pin To Net: NetName=GND Pin=R3-1
Added Pin To Net: NetName=NetC1_1 Pin=R3-2
Added Pin To Net: NetName=GND Pin=R4-1
Added Pin To Net: NetName=NetC2_1 Pin=R4-2
Added Pin To Net: NetName=GND Pin=R5-1
Added Pin To Net: NetName=GND Pin=R6-1
Added Pin To Net: NetName=GND Pin=R7-1
Added Pin To Net: NetName=NetC3_1 Pin=R7-2
Added Pin To Net: NetName=GND Pin=R8-1
Added Pin To Net: NetName=NetDA5_3 Pin=R8-2
Added Pin To Net: NetName=NetDA3_1 Pin=R9-1
Added Pin To Net: NetName=NetDA3_8 Pin=R9-2
Added Pin To Net: NetName=NetDA4_1 Pin=R10-1
Added Pin To Net: NetName=NetDA4_8 Pin=R10-2
Added Pin To Net: NetName=NetDA5_1 Pin=R11-1
Added Pin To Net: NetName=NetDA5_8 Pin=R11-2
Added Pin To Net: NetName=GND Pin=R12-1
Added Pin To Net: NetName=NetDA8_4 Pin=R12-2
Added Pin To Net: NetName=GND Pin=R13-1
Added Pin To Net: NetName=NetDA6_4 Pin=R13-2
Added Pin To Net: NetName=GND Pin=R14-1
Added Pin To Net: NetName=NetDA7_4 Pin=R14-2
Added Pin To Net: NetName=NetDA8_4 Pin=R15-1
Added Pin To Net: NetName=NetDA8_1 Pin=R15-2
Added Pin To Net: NetName=NetDA6_4 Pin=R16-1
Added Pin To Net: NetName=NetDA6_1 Pin=R16-2
Added Pin To Net: NetName=NetDA7_4 Pin=R17-1
Added Pin To Net: NetName=NetDA7_1 Pin=R17-2
Added Pin To Net: NetName=NetDA6_1 Pin=R18-1
Added Pin To Net: NetName=NetC16_1 Pin=R18-2
Added Pin To Net: NetName=NetDA7_1 Pin=R19-1
Added Pin To Net: NetName=NetC17_1 Pin=R19-2
Added Pin To Net: NetName=NetDA8_1 Pin=R20-1
Added Pin To Net: NetName=NetC18_1 Pin=R20-2
Added Pin To Net: NetName=GND Pin=X1-3
Added Pin To Net: NetName=NetC3_2 Pin=X2-1
Added Pin To Net: NetName=NetC4_2 Pin=X2-2
Added Pin To Net: NetName=GND Pin=X2-3
Added Pin To Net: NetName=NetC1_2 Pin=X3-1
Added Pin To Net: NetName=NetC2_2 Pin=X3-2
Added Pin To Net: NetName=GND Pin=X3-3
Added Pin To Net: NetName=+5 Pin=X4-1
Added Pin To Net: NetName=+12 Pin=X4-2
Added Pin To Net: NetName=-12 Pin=X4-3
Added Pin To Net: NetName=GND Pin=X4-4
Added Pin To Net: NetName=NetC19_1 Pin=X5-1
Added Pin To Net: NetName=NetC20_1 Pin=X5-2
Added Pin To Net: NetName=NetC21_1 Pin=X5-3
Added Pin To Net: NetName=GND Pin=X5-4
Add Net: Net with name "NetC1_1" already exists
Add Net: Net with name "NetC1_2" already exists
Add Net: Net with name "NetC2_1" already exists
Add Net: Net with name "NetC2_2" already exists
Added Member To Class: ClassName=ECG_mesurment_2 Member=Component C1 0.1u 50V 0805 ±10%
Added Member To Class: ClassName=ECG_mesurment_2 Member=Component C1 0.1u 50V 0805 ±10%
Added Member To Class: ClassName=ECG_mesurment_2 Member=Component C2 0.1u 50V 0805 ±10%
Added Member To Class: ClassName=ECG_mesurment_2 Member=Component C2 0.1u 50V 0805 ±10%
Added Member To Class: ClassName=ECG_mesurment_2 Member=Component C3 0.1u 50V 0805 ±10%
Added Member To Class: ClassName=ECG_mesurment_2 Member=Component C4 0.1u 50V 0805 ±10%
Added Member To Class: ClassName=ECG_mesurment_2 Member=Component C7 0.1u 50V 0805 ±10%
Added Member To Class: ClassName=ECG_mesurment_2 Member=Component C8 0.1u 50V 0805 ±10%
Added Member To Class: ClassName=ECG_mesurment_2 Member=Component C9 0.1u 50V 0805 ±10%
Added Member To Class: ClassName=ECG_mesurment_2 Member=Component C10 0.1u 50V 0805 ±10%
Added Member To Class: ClassName=ECG_mesurment_2 Member=Component C11 0.1u 50V 0805 ±10%
Added Member To Class: ClassName=ECG_mesurment_2 Member=Component C12 0.1u 50V 0805 ±10%
Added Member To Class: ClassName=ECG_mesurment_2 Member=Component C13 0.1u 50V 0805 ±10%
Added Member To Class: ClassName=ECG_mesurment_2 Member=Component C14 0.1u 50V 0805 ±10%
Added Member To Class: ClassName=ECG_mesurment_2 Member=Component C15 0.1u 50V 0805 ±10%
Added Member To Class: ClassName=ECG_mesurment_2 Member=Component C16 0.1u 50V 0805 ±10%
Added Member To Class: ClassName=ECG_mesurment_2 Member=Component C17 0.1u 50V 0805 ±10%
Added Member To Class: ClassName=ECG_mesurment_2 Member=Component C18 0.1u 50V 0805 ±10%
Added Member To Class: ClassName=ECG_mesurment_2 Member=Component C19 0.1u 50V 0805 ±10%
Added Member To Class: ClassName=ECG_mesurment_2 Member=Component C20 0.1u 50V 0805 ±10%
Added Member To Class: ClassName=ECG_mesurment_2 Member=Component C21 0.1u 50V 0805 ±10%
Added Member To Class: ClassName=ECG_mesurment_2 Member=Component DA1 REF196GS
Added Member To Class: ClassName=ECG_mesurment_2 Member=Component DA2 AMS 1117-3.3
Added Member To Class: ClassName=ECG_mesurment_2 Member=Component DA3 AD620
Added Member To Class: ClassName=ECG_mesurment_2 Member=Component DA4 AD620
Added Member To Class: ClassName=ECG_mesurment_2 Member=Component DA5 AD620
Added Member To Class: ClassName=ECG_mesurment_2 Member=Component DA6 TLV9101
Added Member To Class: ClassName=ECG_mesurment_2 Member=Component DA7 TLV9101
Added Member To Class: ClassName=ECG_mesurment_2 Member=Component DA8 TLV9101
Added Member To Class: ClassName=ECG_mesurment_2 Member=Component L1 4.7u±20% 7.6A
Added Member To Class: ClassName=ECG_mesurment_2 Member=Component L2 4.7u±20% 7.6A
Added Member To Class: ClassName=ECG_mesurment_2 Member=Component L3 4.7u±20% 7.6A
Added Member To Class: ClassName=ECG_mesurment_2 Member=Component R1 1k ±1% 0805
Added Member To Class: ClassName=ECG_mesurment_2 Member=Component R2 1k ±1% 0805
Added Member To Class: ClassName=ECG_mesurment_2 Member=Component R3 10k ±1% 0805
Added Member To Class: ClassName=ECG_mesurment_2 Member=Component R4 10k ±1% 0805
Added Member To Class: ClassName=ECG_mesurment_2 Member=Component R5 10k ±1% 0805
Added Member To Class: ClassName=ECG_mesurment_2 Member=Component R6 10k ±1% 0805
Added Member To Class: ClassName=ECG_mesurment_2 Member=Component R7 10k ±1% 0805
Added Member To Class: ClassName=ECG_mesurment_2 Member=Component R8 10k ±1% 0805
Added Member To Class: ClassName=ECG_mesurment_2 Member=Component R9 1k ±1% 0805
Added Member To Class: ClassName=ECG_mesurment_2 Member=Component R10 1k ±1% 0805
Added Member To Class: ClassName=ECG_mesurment_2 Member=Component R11 1k ±1% 0805
Added Member To Class: ClassName=ECG_mesurment_2 Member=Component R12 10k ±1% 0805 analogue
Added Member To Class: ClassName=ECG_mesurment_2 Member=Component R13 10k ±1% 0805 analogue
Added Member To Class: ClassName=ECG_mesurment_2 Member=Component R14 10k ±1% 0805 analogue
Added Member To Class: ClassName=ECG_mesurment_2 Member=Component R15 15k ±1% 0805
Added Member To Class: ClassName=ECG_mesurment_2 Member=Component R16 15k ±1% 0805
Added Member To Class: ClassName=ECG_mesurment_2 Member=Component R17 15k ±1% 0805
Added Member To Class: ClassName=ECG_mesurment_2 Member=Component R18 4.7k ±1% 0805
Added Member To Class: ClassName=ECG_mesurment_2 Member=Component R19 4.7k ±1% 0805
Added Member To Class: ClassName=ECG_mesurment_2 Member=Component R20 4.7k ±1% 0805
Added Member To Class: ClassName=ECG_mesurment_2 Member=Component X1 WF-3
Added Member To Class: ClassName=ECG_mesurment_2 Member=Component X2 WF-3
Added Member To Class: ClassName=ECG_mesurment_2 Member=Component X3 WF-3
Added Member To Class: ClassName=ECG_mesurment_2 Member=Component X4 WF-4
Added Member To Class: ClassName=ECG_mesurment_2 Member=Component X5 WF-4
