Removed Pin From Net: NetName=-12 Pin=C8-1
Removed Pin From Net: NetName=GND Pin=C8-2
Removed Pin From Net: NetName=-12 Pin=C10-1
Removed Pin From Net: NetName=GND Pin=C10-2
Removed Pin From Net: NetName=-12 Pin=C12-1
Removed Pin From Net: NetName=GND Pin=C12-2
Removed Pin From Net: NetName=-12 Pin=DA1-2
Removed Pin From Net: NetName=-12 Pin=DA2-2
Removed Pin From Net: NetName=-12 Pin=DA3-2
Removed Pin From Net: NetName=GND Pin=R39-1
Removed Pin From Net: NetName=+12 Pin=R39-2
Removed Pin From Net: NetName=GND Pin=R40-1
Removed Pin From Net: NetName=-12 Pin=R40-2
Removed Pin From Net: NetName=+12 Pin=X5-2
Removed Member From Class: ClassName=ECG_mesurment_2 Member=C40
Removed Member From Class: ClassName=ECG_mesurment_2 Member=C41
Removed Member From Class: ClassName=ECG_mesurment_2 Member=C42
Removed Member From Class: ClassName=ECG_mesurment_2 Member=R39
Removed Member From Class: ClassName=ECG_mesurment_2 Member=R40
Change Component Designator: OldDesignator=C9 NewDesignator=C8
Change Component Designator: OldDesignator=C11 NewDesignator=C9
Change Component Designator: OldDesignator=C13 NewDesignator=C10
Change Component Designator: OldDesignator=C14 NewDesignator=C11
Change Component Designator: OldDesignator=C15 NewDesignator=C12
Change Component Designator: OldDesignator=C16 NewDesignator=C13
Change Component Designator: OldDesignator=C17 NewDesignator=C14
Change Component Designator: OldDesignator=C18 NewDesignator=C15
Change Component Designator: OldDesignator=C19 NewDesignator=C16
Change Component Designator: OldDesignator=C20 NewDesignator=C17
Change Component Designator: OldDesignator=C21 NewDesignator=C18
Change Component Designator: OldDesignator=C22 NewDesignator=C19
Change Component Designator: OldDesignator=C23 NewDesignator=C20
Change Component Designator: OldDesignator=C24 NewDesignator=C21
Change Component Designator: OldDesignator=C25 NewDesignator=C22
Change Component Designator: OldDesignator=C26 NewDesignator=C23
Change Component Designator: OldDesignator=C27 NewDesignator=C24
Change Component Designator: OldDesignator=C28 NewDesignator=C25
Change Component Designator: OldDesignator=C29 NewDesignator=C26
Change Component Designator: OldDesignator=C30 NewDesignator=C27
Change Component Designator: OldDesignator=C31 NewDesignator=C28
Change Component Designator: OldDesignator=C32 NewDesignator=C29
Change Component Designator: OldDesignator=C33 NewDesignator=C30
Change Component Designator: OldDesignator=C34 NewDesignator=C31
Change Component Designator: OldDesignator=C35 NewDesignator=C32
Change Component Designator: OldDesignator=C36 NewDesignator=C33
Change Component Designator: OldDesignator=C37 NewDesignator=C34
Change Component Designator: OldDesignator=C38 NewDesignator=C35
Change Component Designator: OldDesignator=C39 NewDesignator=C36
Change Component Designator: OldDesignator=C40 NewDesignator=C37
Change Component Designator: OldDesignator=C41 NewDesignator=C38
Change Component Designator: OldDesignator=C42 NewDesignator=C39
Change Component Designator: OldDesignator=X5 NewDesignator=X6
Added Component: Designator=X5(CON: 2pin wf-2)
Add component (AddParameter): Name = "Code"; Value = "6313952902"; VariantName = "[No Variations]"
Add component (AddParameter): Name = "Name"; Value = "Вилка WF-2"; VariantName = "[No Variations]"
Added Pin To Net: NetName=GND Pin=DA1-2
Added Pin To Net: NetName=GND Pin=DA2-2
Added Pin To Net: NetName=GND Pin=DA3-2
Added Pin To Net: NetName=+5 Pin=X5-1
Added Pin To Net: NetName=GND Pin=X5-2
Added Pin To Net: NetName=-12 Pin=X6-2
Change Net Name : Old Net Name=NetC13_1 New Net Name=NetC10_1
Change Net Name : Old Net Name=NetC13_2 New Net Name=NetC10_2
Change Net Name : Old Net Name=NetC14_1 New Net Name=NetC11_1
Change Net Name : Old Net Name=NetC14_2 New Net Name=NetC11_2
Change Net Name : Old Net Name=NetC15_1 New Net Name=NetC12_1
Change Net Name : Old Net Name=NetC15_2 New Net Name=NetC12_2
Change Net Name : Old Net Name=NetC22_1 New Net Name=NetC19_1
Change Net Name : Old Net Name=NetC22_2 New Net Name=NetC19_2
Change Net Name : Old Net Name=NetC24_1 New Net Name=NetC21_1
Change Net Name : Old Net Name=NetC24_2 New Net Name=NetC21_2
Change Net Name : Old Net Name=NetC26_1 New Net Name=NetC23_1
Change Net Name : Old Net Name=NetC26_2 New Net Name=NetC23_2
Change Net Name : Old Net Name=NetC28_1 New Net Name=NetC25_1
Change Net Name : Old Net Name=NetC29_1 New Net Name=NetC26_1
Change Net Name : Old Net Name=NetC30_1 New Net Name=NetC27_1
Change Net Name : Old Net Name=NetC34_1 New Net Name=NetC31_1
Change Net Name : Old Net Name=NetC35_1 New Net Name=NetC32_1
Change Net Name : Old Net Name=NetC36_1 New Net Name=NetC33_1
Change Net Name : Old Net Name=NetC37_1 New Net Name=NetC34_1
Change Net Name : Old Net Name=NetC38_1 New Net Name=NetC35_1
Change Net Name : Old Net Name=NetC39_1 New Net Name=NetC36_1
Change Net Name : Old Net Name=NetC40_1 New Net Name=NetC37_1
Change Net Name : Old Net Name=NetC41_1 New Net Name=NetC38_1
Change Net Name : Old Net Name=NetC42_1 New Net Name=NetC39_1
Added Member To Class: ClassName=ECG_mesurment_2 Member=Component DA6 AD620
Added Member To Class: ClassName=ECG_mesurment_2 Member=Component X6 WF-4
