Removed Pin From Net: NetName=NetC10_2 Pin=X1-1
Change Component Footprint: Designator=X1 Old Footprint=CON: 3pin wf-3 New Footprint=CON: 4pin Molex MicroFit 3.0 43045-0401
Change Component Comment : Designator=X1 Old Comment=WF-3 New Comment=Micro-Fit 3.0 43045-0401
Change Component Designator: OldDesignator=X4 NewDesignator=X2
Change Component Designator: OldDesignator=X5 NewDesignator=X3
Change Component Designator: OldDesignator=X6 NewDesignator=X10
Change component parameters: Designator = "X1" ("X1"); Footprint = "CON: 3pin wf-3"; UniqueID = "\XAIPGAHU" ("\XAIPGAHU")
Change component parameters (AddParameter): Name = "Code"; Value = ""; VariantName = "[No Variations]"
Change component parameters (AddParameter): Name = "Name"; Value = ""; VariantName = "[No Variations]"
Added Component: Designator=X4(CON: 4pin Molex MicroFit 3.0 43045-0401)
Add component (AddParameter): Name = "Code"; Value = ""; VariantName = "[No Variations]"
Add component (AddParameter): Name = "Name"; Value = ""; VariantName = "[No Variations]"
Added Component: Designator=X5(CON: 4pin Molex MicroFit 3.0 43045-0401)
Add component (AddParameter): Name = "Code"; Value = ""; VariantName = "[No Variations]"
Add component (AddParameter): Name = "Name"; Value = ""; VariantName = "[No Variations]"
Added Component: Designator=X6(CON: 4pin Molex MicroFit 3.0 43045-0401)
Add component (AddParameter): Name = "Code"; Value = ""; VariantName = "[No Variations]"
Add component (AddParameter): Name = "Name"; Value = ""; VariantName = "[No Variations]"
Added Component: Designator=X7(CON: 4pin Molex MicroFit 3.0 43045-0401)
Add component (AddParameter): Name = "Code"; Value = ""; VariantName = "[No Variations]"
Add component (AddParameter): Name = "Name"; Value = ""; VariantName = "[No Variations]"
Added Component: Designator=X8(CON: 4pin Molex MicroFit 3.0 43045-0401)
Add component (AddParameter): Name = "Code"; Value = ""; VariantName = "[No Variations]"
Add component (AddParameter): Name = "Name"; Value = ""; VariantName = "[No Variations]"
Added Component: Designator=X9(CON: 4pin Molex MicroFit 3.0 43045-0401)
Add component (AddParameter): Name = "Code"; Value = ""; VariantName = "[No Variations]"
Add component (AddParameter): Name = "Name"; Value = ""; VariantName = "[No Variations]"
Added Pin To Net: NetName=NetC10_2 Pin=C11-2
Added Pin To Net: NetName=NetC10_2 Pin=C12-2
Added Pin To Net: NetName=NetC10_2 Pin=DA2-1
Added Pin To Net: NetName=NetC10_2 Pin=DA3-1
Added Pin To Net: NetName=NetC10_2 Pin=R8-1
Added Pin To Net: NetName=NetC10_2 Pin=R9-1
Added Pin To Net: NetName=NetC10_2 Pin=X1-4
Change Net Name : Old Net Name=NetC10_2 New Net Name=Right leg
Added Pin To Net: NetName=Left arm Pin=C2-2
Added Pin To Net: NetName=Left arm Pin=C5-2
Added Pin To Net: NetName=Left arm Pin=X1-2
Added Net: Name=Left arm
Added Pin To Net: NetName=Left leg Pin=C4-2
Added Pin To Net: NetName=Left leg Pin=C6-2
Added Pin To Net: NetName=Left leg Pin=X1-3
Added Net: Name=Left leg
Added Pin To Net: NetName=Right Arm Pin=C1-2
Added Pin To Net: NetName=Right Arm Pin=C3-2
Added Pin To Net: NetName=Right Arm Pin=X1-1
Added Net: Name=Right Arm
Added Member To Class: ClassName=ECG_mesurment_2 Member=Component X6 Micro-Fit 3.0 43045-0401
Added Member To Class: ClassName=ECG_mesurment_2 Member=Component X7 Micro-Fit 3.0 43045-0401
Added Member To Class: ClassName=ECG_mesurment_2 Member=Component X8 Micro-Fit 3.0 43045-0401
Added Member To Class: ClassName=ECG_mesurment_2 Member=Component X9 Micro-Fit 3.0 43045-0401
