Removed Pin From Net: NetName=NetC1_2 Pin=X1-1
Removed Pin From Net: NetName=NetC2_2 Pin=X1-2
Removed Pin From Net: NetName=GND Pin=X1-3
Removed Pin From Net: NetName=NetC3_2 Pin=X2-1
Removed Pin From Net: NetName=NetC4_2 Pin=X2-2
Removed Pin From Net: NetName=GND Pin=X2-3
Removed Pin From Net: NetName=NetC5_2 Pin=X3-1
Removed Pin From Net: NetName=NetC6_2 Pin=X3-2
Removed Pin From Net: NetName=GND Pin=X3-3
Change Component Comment : Designator=C1 Old Comment=0.1u 50V 0805 ±10% New Comment=0.1u
Change Component Comment : Designator=C2 Old Comment=0.1u 50V 0805 ±10% New Comment=0.1u
Change Component Comment : Designator=C3 Old Comment=0.1u 50V 0805 ±10% New Comment=0.1u
Change Component Comment : Designator=C4 Old Comment=0.1u 50V 0805 ±10% New Comment=0.1u
Change Component Comment : Designator=C5 Old Comment=0.1u 50V 0805 ±10% New Comment=0.1u
Change Component Comment : Designator=C6 Old Comment=0.1u 50V 0805 ±10% New Comment=0.1u
Change Component Comment : Designator=R1 Old Comment=10k ±1% 0805 New Comment=10k ±1%
Change Component Comment : Designator=R2 Old Comment=10k ±1% 0805 New Comment=10k ±1%
Change Component Comment : Designator=R3 Old Comment=10k ±1% 0805 New Comment=10k ±1%
Change Component Comment : Designator=R4 Old Comment=10k ±1% 0805 New Comment=10k ±1%
Change Component Comment : Designator=R5 Old Comment=10k ±1% 0805 New Comment=10k ±1%
Change Component Comment : Designator=R6 Old Comment=10k ±1% 0805 New Comment=10k ±1%
Change Component Comment : Designator=R12 Old Comment=10k ±1% 0805 analogue New Comment=10k ±1% 0805
Change Component Comment : Designator=R13 Old Comment=10k ±1% 0805 analogue New Comment=10k ±1% 0805
Change Component Comment : Designator=R14 Old Comment=10k ±1% 0805 analogue New Comment=10k ±1% 0805
Change Component Designator: OldDesignator=C7 NewDesignator=C16
Change Component Designator: OldDesignator=C8 NewDesignator=C17
Change Component Designator: OldDesignator=C9 NewDesignator=C18
Change Component Designator: OldDesignator=C10 NewDesignator=C19
Change Component Designator: OldDesignator=C11 NewDesignator=C20
Change Component Designator: OldDesignator=C12 NewDesignator=C21
Change Component Designator: OldDesignator=C13 NewDesignator=C22
Change Component Designator: OldDesignator=C14 NewDesignator=C23
Change Component Designator: OldDesignator=C15 NewDesignator=C24
Change Component Designator: OldDesignator=C16 NewDesignator=C25
Change Component Designator: OldDesignator=C17 NewDesignator=C26
Change Component Designator: OldDesignator=C18 NewDesignator=C27
Change Component Designator: OldDesignator=C19 NewDesignator=C28
Change Component Designator: OldDesignator=C20 NewDesignator=C29
Change Component Designator: OldDesignator=C21 NewDesignator=C30
Change Component Designator: OldDesignator=DA1 NewDesignator=DA4
Change Component Designator: OldDesignator=DA2 NewDesignator=DA5
Change Component Designator: OldDesignator=DA3 NewDesignator=DA6
Change Component Designator: OldDesignator=DA4 NewDesignator=DA10
Change Component Designator: OldDesignator=DA5 NewDesignator=DA7
Change Component Designator: OldDesignator=DA6 NewDesignator=DA8
Change Component Designator: OldDesignator=DA7 NewDesignator=DA9
Change Component Designator: OldDesignator=DA8 NewDesignator=DA11
Change Component Designator: OldDesignator=R7 NewDesignator=R14
Change Component Designator: OldDesignator=R8 NewDesignator=R16
Change Component Designator: OldDesignator=R9 NewDesignator=R18
Change Component Designator: OldDesignator=R10 NewDesignator=R31
Change Component Designator: OldDesignator=R11 NewDesignator=R32
Change Component Designator: OldDesignator=R12 NewDesignator=R22
Change Component Designator: OldDesignator=R13 NewDesignator=R23
Change Component Designator: OldDesignator=R14 NewDesignator=R24
Change Component Designator: OldDesignator=R15 NewDesignator=R25
Change Component Designator: OldDesignator=R16 NewDesignator=R26
Change Component Designator: OldDesignator=R17 NewDesignator=R27
Change Component Designator: OldDesignator=R18 NewDesignator=R28
Change Component Designator: OldDesignator=R19 NewDesignator=R29
Change Component Designator: OldDesignator=R20 NewDesignator=R30
Added Component: Designator=C7(CAP: SMD 0805 MD IPC 782)
Add component (AddParameter): Name = "Code"; Value = "6279254871"; VariantName = "[No Variations]"
Add component (AddParameter): Name = "Name"; Value = "Конденсатор X7R 50V 0,1uF ±10% 0805"; VariantName = "[No Variations]"
Added Component: Designator=C8(CAP: SMD 0805 MD IPC 782)
Add component (AddParameter): Name = "Code"; Value = "6279254871"; VariantName = "[No Variations]"
Add component (AddParameter): Name = "Name"; Value = "Конденсатор X7R 50V 0,1uF ±10% 0805"; VariantName = "[No Variations]"
Added Component: Designator=C9(CAP: SMD 0805 MD IPC 782)
Add component (AddParameter): Name = "Code"; Value = "6279254871"; VariantName = "[No Variations]"
Add component (AddParameter): Name = "Name"; Value = "Конденсатор X7R 50V 0,1uF ±10% 0805"; VariantName = "[No Variations]"
Added Component: Designator=C10(CAP: SMD 0805 MD IPC 782)
Add component (AddParameter): Name = "Code"; Value = "6279352311"; VariantName = "[No Variations]"
Add component (AddParameter): Name = "Name"; Value = "Конденсатор NPO 50V 6800pF ±5% 0805"; VariantName = "[No Variations]"
Added Component: Designator=C11(CAP: SMD 0805 MD IPC 782)
Add component (AddParameter): Name = "Code"; Value = "6279352311"; VariantName = "[No Variations]"
Add component (AddParameter): Name = "Name"; Value = "Конденсатор NPO 50V 6800pF ±5% 0805"; VariantName = "[No Variations]"
Added Component: Designator=C12(CAP: SMD 0805 MD IPC 782)
Add component (AddParameter): Name = "Code"; Value = "6279352311"; VariantName = "[No Variations]"
Add component (AddParameter): Name = "Name"; Value = "Конденсатор NPO 50V 6800pF ±5% 0805"; VariantName = "[No Variations]"
Added Component: Designator=C13(CAP: SMD 0805 MD IPC 782)
Add component (AddParameter): Name = "Code"; Value = "6279254871"; VariantName = "[No Variations]"
Add component (AddParameter): Name = "Name"; Value = "Конденсатор X7R 50V 0,1uF ±10% 0805"; VariantName = "[No Variations]"
Added Component: Designator=C14(CAP: SMD 0805 MD IPC 782)
Add component (AddParameter): Name = "Code"; Value = "6279254871"; VariantName = "[No Variations]"
Add component (AddParameter): Name = "Name"; Value = "Конденсатор X7R 50V 0,1uF ±10% 0805"; VariantName = "[No Variations]"
Added Component: Designator=C15(CAP: SMD 0805 MD IPC 782)
Add component (AddParameter): Name = "Code"; Value = "6279254871"; VariantName = "[No Variations]"
Add component (AddParameter): Name = "Name"; Value = "Конденсатор X7R 50V 0,1uF ±10% 0805"; VariantName = "[No Variations]"
Added Component: Designator=DA1(IC: SOIC 8)
Added Component: Designator=DA2(IC: SOIC 8)
Added Component: Designator=DA3(IC: SOIC 8)
Added Component: Designator=R7(RES: SMD 0805 MD IPC 782)
Add component (AddParameter): Name = "Code"; Value = "6090000005"; VariantName = "[No Variations]"
Add component (AddParameter): Name = "Name"; Value = "Резистор 5,1M±1% 0805"; VariantName = "[No Variations]"
Added Component: Designator=R8(RES: SMD 0805 MD IPC 782)
Add component (AddParameter): Name = "Code"; Value = "6090000005"; VariantName = "[No Variations]"
Add component (AddParameter): Name = "Name"; Value = "Резистор 5,1M±1% 0805"; VariantName = "[No Variations]"
Added Component: Designator=R9(RES: SMD 0805 MD IPC 782)
Add component (AddParameter): Name = "Code"; Value = "6090000005"; VariantName = "[No Variations]"
Add component (AddParameter): Name = "Name"; Value = "Резистор 5,1M±1% 0805"; VariantName = "[No Variations]"
Added Component: Designator=R10(RES: SMD 0805 MD IPC 782)
Add component (AddParameter): Name = "Code"; Value = "6020003061"; VariantName = "[No Variations]"
Add component (AddParameter): Name = "Name"; Value = "Резистор RC0805JR-0710KL"; VariantName = "[No Variations]"
Added Component: Designator=R11(RES: SMD 0805 MD IPC 782)
Add component (AddParameter): Name = "Code"; Value = "6020003061"; VariantName = "[No Variations]"
Add component (AddParameter): Name = "Name"; Value = "Резистор RC0805JR-0710KL"; VariantName = "[No Variations]"
Added Component: Designator=R12(RES: SMD 0805 MD IPC 782)
Add component (AddParameter): Name = "Code"; Value = "6020003061"; VariantName = "[No Variations]"
Add component (AddParameter): Name = "Name"; Value = "Резистор RC0805JR-0710KL"; VariantName = "[No Variations]"
Added Component: Designator=R13(RES: SMD 0805 MD IPC 782)
Add component (AddParameter): Name = "Code"; Value = "6094357581"; VariantName = "[No Variations]"
Add component (AddParameter): Name = "Name"; Value = "Резистор 20K±1% 0805"; VariantName = "[No Variations]"
Added Component: Designator=R15(RES: SMD 0805 MD IPC 782)
Add component (AddParameter): Name = "Code"; Value = "6094357581"; VariantName = "[No Variations]"
Add component (AddParameter): Name = "Name"; Value = "Резистор 20K±1% 0805"; VariantName = "[No Variations]"
Added Component: Designator=R17(RES: SMD 0805 MD IPC 782)
Add component (AddParameter): Name = "Code"; Value = "6094357581"; VariantName = "[No Variations]"
Add component (AddParameter): Name = "Name"; Value = "Резистор 20K±1% 0805"; VariantName = "[No Variations]"
Added Component: Designator=R19(RES: SMD 0805 MD IPC 782)
Add component (AddParameter): Name = "Code"; Value = "6094357581"; VariantName = "[No Variations]"
Add component (AddParameter): Name = "Name"; Value = "Резистор 20K±1% 0805"; VariantName = "[No Variations]"
Added Component: Designator=R20(RES: SMD 0805 MD IPC 782)
Add component (AddParameter): Name = "Code"; Value = "6094357581"; VariantName = "[No Variations]"
Add component (AddParameter): Name = "Name"; Value = "Резистор 20K±1% 0805"; VariantName = "[No Variations]"
Added Component: Designator=R21(RES: SMD 0805 MD IPC 782)
Add component (AddParameter): Name = "Code"; Value = "6094357581"; VariantName = "[No Variations]"
Add component (AddParameter): Name = "Name"; Value = "Резистор 20K±1% 0805"; VariantName = "[No Variations]"
Added Pin To Net: NetName=+12 Pin=C7-1
Added Pin To Net: NetName=GND Pin=C7-2
Added Pin To Net: NetName=+12 Pin=C8-1
Added Pin To Net: NetName=GND Pin=C8-2
Added Pin To Net: NetName=+12 Pin=C9-1
Added Pin To Net: NetName=GND Pin=C9-2
Added Pin To Net: NetName=-12 Pin=C13-1
Added Pin To Net: NetName=GND Pin=C13-2
Added Pin To Net: NetName=-12 Pin=C14-1
Added Pin To Net: NetName=GND Pin=C14-2
Added Pin To Net: NetName=-12 Pin=C15-1
Added Pin To Net: NetName=GND Pin=C15-2
Added Pin To Net: NetName=GND Pin=DA1-3
Added Pin To Net: NetName=-12 Pin=DA1-4
Added Pin To Net: NetName=+12 Pin=DA1-7
Added Pin To Net: NetName=GND Pin=DA2-3
Added Pin To Net: NetName=-12 Pin=DA2-4
Added Pin To Net: NetName=+12 Pin=DA2-7
Added Pin To Net: NetName=GND Pin=DA3-3
Added Pin To Net: NetName=-12 Pin=DA3-4
Added Pin To Net: NetName=+12 Pin=DA3-7
Added Pin To Net: NetName=NetC1_2 Pin=X1-2
Added Pin To Net: NetName=NetC2_2 Pin=X1-3
Added Pin To Net: NetName=NetC3_2 Pin=X2-2
Added Pin To Net: NetName=NetC4_2 Pin=X2-3
Added Pin To Net: NetName=NetC5_2 Pin=X3-2
Added Pin To Net: NetName=NetC6_2 Pin=X3-3
Change Net Name : Old Net Name=NetC16_1 New Net Name=NetC25_1
Change Net Name : Old Net Name=NetC17_1 New Net Name=NetC26_1
Change Net Name : Old Net Name=NetC18_1 New Net Name=NetC27_1
Change Net Name : Old Net Name=NetC19_1 New Net Name=NetC28_1
Change Net Name : Old Net Name=NetC20_1 New Net Name=NetC29_1
Change Net Name : Old Net Name=NetC21_1 New Net Name=NetC30_1
Change Net Name : Old Net Name=NetDA1_6 New Net Name=NetDA4_6
Change Net Name : Old Net Name=NetDA2_6 New Net Name=NetDA5_6
Change Net Name : Old Net Name=NetDA3_6 New Net Name=NetDA6_6
Change Net Name : Old Net Name=NetDA4_6 New Net Name=NetDA10_6
Change Net Name : Old Net Name=NetDA5_1 New Net Name=NetDA7_1
Change Net Name : Old Net Name=NetDA5_4 New Net Name=NetDA7_4
Change Net Name : Old Net Name=NetDA6_1 New Net Name=NetDA8_1
Change Net Name : Old Net Name=NetDA6_4 New Net Name=NetDA8_4
Change Net Name : Old Net Name=NetDA7_1 New Net Name=NetDA9_1
Change Net Name : Old Net Name=NetDA7_4 New Net Name=NetDA9_4
Added Pin To Net: NetName=NetC10_1 Pin=C10-1
Added Pin To Net: NetName=NetC10_1 Pin=R10-1
Added Net: Name=NetC10_1
Added Pin To Net: NetName=NetC10_2 Pin=C10-2
Added Pin To Net: NetName=NetC10_2 Pin=DA1-6
Added Pin To Net: NetName=NetC10_2 Pin=R7-1
Added Pin To Net: NetName=NetC10_2 Pin=X1-1
Added Net: Name=NetC10_2
Added Pin To Net: NetName=NetC11_1 Pin=C11-1
Added Pin To Net: NetName=NetC11_1 Pin=R11-1
Added Net: Name=NetC11_1
Added Pin To Net: NetName=NetC11_2 Pin=C11-2
Added Pin To Net: NetName=NetC11_2 Pin=DA2-6
Added Pin To Net: NetName=NetC11_2 Pin=R8-1
Added Pin To Net: NetName=NetC11_2 Pin=X2-1
Added Net: Name=NetC11_2
Added Pin To Net: NetName=NetC12_1 Pin=C12-1
Added Pin To Net: NetName=NetC12_1 Pin=R12-1
Added Net: Name=NetC12_1
Added Pin To Net: NetName=NetC12_2 Pin=C12-2
Added Pin To Net: NetName=NetC12_2 Pin=DA3-6
Added Pin To Net: NetName=NetC12_2 Pin=R9-1
Added Pin To Net: NetName=NetC12_2 Pin=X3-1
Added Net: Name=NetC12_2
Added Pin To Net: NetName=NetDA1_2 Pin=DA1-2
Added Pin To Net: NetName=NetDA1_2 Pin=R7-2
Added Pin To Net: NetName=NetDA1_2 Pin=R10-2
Added Pin To Net: NetName=NetDA1_2 Pin=R13-2
Added Pin To Net: NetName=NetDA1_2 Pin=R19-1
Added Net: Name=NetDA1_2
Added Pin To Net: NetName=NetDA2_2 Pin=DA2-2
Added Pin To Net: NetName=NetDA2_2 Pin=R8-2
Added Pin To Net: NetName=NetDA2_2 Pin=R11-2
Added Pin To Net: NetName=NetDA2_2 Pin=R15-2
Added Pin To Net: NetName=NetDA2_2 Pin=R20-1
Added Net: Name=NetDA2_2
Added Pin To Net: NetName=NetDA3_2 Pin=DA3-2
Added Pin To Net: NetName=NetDA3_2 Pin=R9-2
Added Pin To Net: NetName=NetDA3_2 Pin=R12-2
Added Pin To Net: NetName=NetDA3_2 Pin=R17-2
Added Pin To Net: NetName=NetDA3_2 Pin=R21-1
Added Net: Name=NetDA3_2
Added Pin To Net: NetName=NetDA4_1 Pin=DA4-1
Added Pin To Net: NetName=NetDA4_1 Pin=R13-1
Added Pin To Net: NetName=NetDA4_1 Pin=R14-1
Added Net: Name=NetDA4_1
Added Pin To Net: NetName=NetDA4_8 Pin=DA4-8
Added Pin To Net: NetName=NetDA4_8 Pin=R14-2
Added Pin To Net: NetName=NetDA4_8 Pin=R19-2
Added Net: Name=NetDA4_8
Added Pin To Net: NetName=NetDA5_1 Pin=DA5-1
Added Pin To Net: NetName=NetDA5_1 Pin=R15-1
Added Pin To Net: NetName=NetDA5_1 Pin=R16-1
Added Net: Name=NetDA5_1
Added Pin To Net: NetName=NetDA5_8 Pin=DA5-8
Added Pin To Net: NetName=NetDA5_8 Pin=R16-2
Added Pin To Net: NetName=NetDA5_8 Pin=R20-2
Added Net: Name=NetDA5_8
Added Pin To Net: NetName=NetDA6_1 Pin=DA6-1
Added Pin To Net: NetName=NetDA6_1 Pin=R17-1
Added Pin To Net: NetName=NetDA6_1 Pin=R18-1
Added Net: Name=NetDA6_1
Added Pin To Net: NetName=NetDA6_8 Pin=DA6-8
Added Pin To Net: NetName=NetDA6_8 Pin=R18-2
Added Pin To Net: NetName=NetDA6_8 Pin=R21-2
Added Net: Name=NetDA6_8
Added Member To Class: ClassName=ECG_mesurment_2 Member=Component C22 0.1u 50V 0805 ±10%
Added Member To Class: ClassName=ECG_mesurment_2 Member=Component C23 0.1u 50V 0805 ±10%
Added Member To Class: ClassName=ECG_mesurment_2 Member=Component C24 0.1u 50V 0805 ±10%
Added Member To Class: ClassName=ECG_mesurment_2 Member=Component C25 47u 16V 1210 ±20%
Added Member To Class: ClassName=ECG_mesurment_2 Member=Component C26 47u 16V 1210 ±20%
Added Member To Class: ClassName=ECG_mesurment_2 Member=Component C27 47u 16V 1210 ±20%
Added Member To Class: ClassName=ECG_mesurment_2 Member=Component C28 47u 16V 1210 ±20%
Added Member To Class: ClassName=ECG_mesurment_2 Member=Component C29 47u 16V 1210 ±20%
Added Member To Class: ClassName=ECG_mesurment_2 Member=Component C30 47u 16V 1210 ±20%
Added Member To Class: ClassName=ECG_mesurment_2 Member=Component DA1 AD817
Added Member To Class: ClassName=ECG_mesurment_2 Member=Component DA9 TLV9101
Added Member To Class: ClassName=ECG_mesurment_2 Member=Component DA10 REF196GS
Added Member To Class: ClassName=ECG_mesurment_2 Member=Component DA11 AMS 1117-3.3
Added Member To Class: ClassName=ECG_mesurment_2 Member=Component R21 20k ±1% 0805
Added Member To Class: ClassName=ECG_mesurment_2 Member=Component R22 10k ±1% 0805
Added Member To Class: ClassName=ECG_mesurment_2 Member=Component R23 10k ±1% 0805
Added Member To Class: ClassName=ECG_mesurment_2 Member=Component R24 10k ±1% 0805
Added Member To Class: ClassName=ECG_mesurment_2 Member=Component R25 15k ±1% 0805
Added Member To Class: ClassName=ECG_mesurment_2 Member=Component R26 15k ±1% 0805
Added Member To Class: ClassName=ECG_mesurment_2 Member=Component R27 15k ±1% 0805
Added Member To Class: ClassName=ECG_mesurment_2 Member=Component R28 4.7k ±1% 0805
Added Member To Class: ClassName=ECG_mesurment_2 Member=Component R29 4.7k ±1% 0805
Added Member To Class: ClassName=ECG_mesurment_2 Member=Component R30 4.7k ±1% 0805
Added Member To Class: ClassName=ECG_mesurment_2 Member=Component R31 1k ±1% 0805
Added Member To Class: ClassName=ECG_mesurment_2 Member=Component R32 1k ±1% 0805
Added Member To Class: ClassName=ECG_mesurment_2 Member=Component X5 WF-4
