Change Component Designator: Old Designator=C1 New Designator=C5
Change Component Designator: Old Designator=C2 New Designator=C6
Change Component Designator: Old Designator=C7 New Designator=C9
Change Component Designator: Old Designator=C8 New Designator=C7
Change Component Designator: Old Designator=C9 New Designator=C8
Change Component Designator: Old Designator=C10 New Designator=C12
Change Component Designator: Old Designator=C11 New Designator=C10
Change Component Designator: Old Designator=C12 New Designator=C11
Change Component Designator: Old Designator=C? New Designator=C1
Change Component Designator: Old Designator=C? New Designator=C2
Change Component Designator: Old Designator=C? New Designator=C3
Change Component Designator: Old Designator=C? New Designator=C4
Change Component Designator: Old Designator=DA1 New Designator=DA4
Change Component Designator: Old Designator=DA2 New Designator=DA8
Change Component Designator: Old Designator=DA4 New Designator=DA1
Change Component Designator: Old Designator=DA5 New Designator=DA2
Change Component Designator: Old Designator=DA6 New Designator=DA5
Change Component Designator: Old Designator=DA7 New Designator=DA6
Change Component Designator: Old Designator=DA8 New Designator=DA7
Change Component Designator: Old Designator=R1 New Designator=R13
Change Component Designator: Old Designator=R2 New Designator=R14
Change Component Designator: Old Designator=R3 New Designator=R1
Change Component Designator: Old Designator=R4 New Designator=R6
Change Component Designator: Old Designator=R5 New Designator=R2
Change Component Designator: Old Designator=R6 New Designator=R3
Change Component Designator: Old Designator=R7 New Designator=R4
Change Component Designator: Old Designator=R8 New Designator=R5
Change Component Designator: Old Designator=R10 New Designator=R7
Change Component Designator: Old Designator=R11 New Designator=R8
Change Component Designator: Old Designator=R13 New Designator=R10
Change Component Designator: Old Designator=R14 New Designator=R11
Change Component Designator: Old Designator=X4 New Designator=X5
Change Component Designator: Old Designator=X5 New Designator=X4
Change Component Designator: Old Designator=X? New Designator=X1
Change Component Designator: Old Designator=X? New Designator=X2
Change Component Designator: Old Designator=X? New Designator=X3
