Change Component Footprint: Designator=X1 Old Footprint=CON: 3pin wf-3 New Footprint=CON: 2pin wf-2
Change Component Footprint: Designator=X2 Old Footprint=CON: 3pin wf-3 New Footprint=CON: 2pin wf-2
Change Component Footprint: Designator=X3 Old Footprint=CON: 3pin wf-3 New Footprint=CON: 2pin wf-2
Change Component Comment: Designator=X1 Old Comment=WF-3 New Comment=WF-2
Change Component Comment: Designator=X2 Old Comment=WF-3 New Comment=WF-2
Change Component Comment: Designator=X3 Old Comment=WF-3 New Comment=WF-2
Change Component Designator: OldDesignator=C5 NewDesignator=C1
Change Component Designator: OldDesignator=C6 NewDesignator=C2
Change Component Designator: OldDesignator=C7 NewDesignator=C8
Change Component Designator: OldDesignator=C8 NewDesignator=C9
Change Component Designator: OldDesignator=C9 NewDesignator=C7
Change Component Designator: OldDesignator=C10 NewDesignator=C11
Change Component Designator: OldDesignator=C11 NewDesignator=C12
Change Component Designator: OldDesignator=C12 NewDesignator=C10
Change Component Designator: OldDesignator=DA1 NewDesignator=DA4
Change Component Designator: OldDesignator=DA2 NewDesignator=DA5
Change Component Designator: OldDesignator=DA4 NewDesignator=DA1
Change Component Designator: OldDesignator=DA5 NewDesignator=DA6
Change Component Designator: OldDesignator=DA6 NewDesignator=DA7
Change Component Designator: OldDesignator=DA7 NewDesignator=DA8
Change Component Designator: OldDesignator=DA8 NewDesignator=DA2
Change Component Designator: OldDesignator=R1 NewDesignator=R3
Change Component Designator: OldDesignator=R2 NewDesignator=R5
Change Component Designator: OldDesignator=R3 NewDesignator=R6
Change Component Designator: OldDesignator=R4 NewDesignator=R7
Change Component Designator: OldDesignator=R5 NewDesignator=R8
Change Component Designator: OldDesignator=R6 NewDesignator=R4
Change Component Designator: OldDesignator=R7 NewDesignator=R10
Change Component Designator: OldDesignator=R8 NewDesignator=R11
Change Component Designator: OldDesignator=R10 NewDesignator=R13
Change Component Designator: OldDesignator=R11 NewDesignator=R14
Change Component Designator: OldDesignator=R13 NewDesignator=R1
Change Component Designator: OldDesignator=R14 NewDesignator=R2
Change Component Designator: OldDesignator=R15 NewDesignator=R16
Change Component Designator: OldDesignator=R16 NewDesignator=R17
Change Component Designator: OldDesignator=R17 NewDesignator=R15
Change Component Designator: OldDesignator=X4 NewDesignator=X5
Change Component Designator: OldDesignator=X5 NewDesignator=X4
Change Pin Designator/Name:  Old Designator=C1-2 Old Name=2 New Designator =2 New Name=2
Change Pin Designator/Name:  Old Designator=C2-2 Old Name=2 New Designator =2 New Name=2
