Added Component: Designator=C1(CAP: SMD 0805 MD IPC 782)
Add component (AddParameter): Name = "Code"; Value = "6279254871"; VariantName = "[No Variations]"
Add component (AddParameter): Name = "Name"; Value = "Конденсатор X7R 50V 0,1uF ±10% 0805"; VariantName = "[No Variations]"
Added Component: Designator=C2(CAP: SMD 0805 MD IPC 782)
Add component (AddParameter): Name = "Code"; Value = "6279254871"; VariantName = "[No Variations]"
Add component (AddParameter): Name = "Name"; Value = "Конденсатор X7R 50V 0,1uF ±10% 0805"; VariantName = "[No Variations]"
Added Component: Designator=C3(CAP: SMD 0805 MD IPC 782)
Add component (AddParameter): Name = "Code"; Value = "6279254871"; VariantName = "[No Variations]"
Add component (AddParameter): Name = "Name"; Value = "Конденсатор X7R 50V 0,1uF ±10% 0805"; VariantName = "[No Variations]"
Added Component: Designator=C4(CAP: SMD 0805 MD IPC 782)
Add component (AddParameter): Name = "Code"; Value = "6279254871"; VariantName = "[No Variations]"
Add component (AddParameter): Name = "Name"; Value = "Конденсатор X7R 50V 0,1uF ±10% 0805"; VariantName = "[No Variations]"
Added Component: Designator=C5(CAP: SMD 0805 MD IPC 782)
Add component (AddParameter): Name = "Code"; Value = "6279254871"; VariantName = "[No Variations]"
Add component (AddParameter): Name = "Name"; Value = "Конденсатор X7R 50V 0,1uF ±10% 0805"; VariantName = "[No Variations]"
Added Component: Designator=C6(CAP: SMD 0805 MD IPC 782)
Add component (AddParameter): Name = "Code"; Value = "6279254871"; VariantName = "[No Variations]"
Add component (AddParameter): Name = "Name"; Value = "Конденсатор X7R 50V 0,1uF ±10% 0805"; VariantName = "[No Variations]"
Added Component: Designator=C7(CAP: SMD 0805 MD IPC 782)
Add component (AddParameter): Name = "Code"; Value = "6279254871"; VariantName = "[No Variations]"
Add component (AddParameter): Name = "Name"; Value = "Конденсатор X7R 50V 0,1uF ±10% 0805"; VariantName = "[No Variations]"
Added Component: Designator=C8(CAP: SMD 0805 MD IPC 782)
Add component (AddParameter): Name = "Code"; Value = "6279254871"; VariantName = "[No Variations]"
Add component (AddParameter): Name = "Name"; Value = "Конденсатор X7R 50V 0,1uF ±10% 0805"; VariantName = "[No Variations]"
Added Component: Designator=C9(CAP: SMD 0805 MD IPC 782)
Add component (AddParameter): Name = "Code"; Value = "6279254871"; VariantName = "[No Variations]"
Add component (AddParameter): Name = "Name"; Value = "Конденсатор X7R 50V 0,1uF ±10% 0805"; VariantName = "[No Variations]"
Added Component: Designator=C10(CAP: SMD 0805 MD IPC 782)
Add component (AddParameter): Name = "Code"; Value = "6279254871"; VariantName = "[No Variations]"
Add component (AddParameter): Name = "Name"; Value = "Конденсатор X7R 50V 0,1uF ±10% 0805"; VariantName = "[No Variations]"
Added Component: Designator=C11(CAP: SMD 0805 MD IPC 782)
Add component (AddParameter): Name = "Code"; Value = "6279254871"; VariantName = "[No Variations]"
Add component (AddParameter): Name = "Name"; Value = "Конденсатор X7R 50V 0,1uF ±10% 0805"; VariantName = "[No Variations]"
Added Component: Designator=C12(CAP: SMD 0805 MD IPC 782)
Add component (AddParameter): Name = "Code"; Value = "6279254871"; VariantName = "[No Variations]"
Add component (AddParameter): Name = "Name"; Value = "Конденсатор X7R 50V 0,1uF ±10% 0805"; VariantName = "[No Variations]"
Added Component: Designator=C13(CAP: SMD 0805 MD IPC 782)
Add component (AddParameter): Name = "Code"; Value = "6279254871"; VariantName = "[No Variations]"
Add component (AddParameter): Name = "Name"; Value = "Конденсатор X7R 50V 0,1uF ±10% 0805"; VariantName = "[No Variations]"
Added Component: Designator=C14(CAP: SMD 0805 MD IPC 782)
Add component (AddParameter): Name = "Code"; Value = "6279254871"; VariantName = "[No Variations]"
Add component (AddParameter): Name = "Name"; Value = "Конденсатор X7R 50V 0,1uF ±10% 0805"; VariantName = "[No Variations]"
Added Component: Designator=C15(CAP: SMD 0805 MD IPC 782)
Add component (AddParameter): Name = "Code"; Value = "6279254871"; VariantName = "[No Variations]"
Add component (AddParameter): Name = "Name"; Value = "Конденсатор X7R 50V 0,1uF ±10% 0805"; VariantName = "[No Variations]"
Added Component: Designator=C16(CAP: SMD 0805 MD IPC 782)
Add component (AddParameter): Name = "Code"; Value = "6279254871"; VariantName = "[No Variations]"
Add component (AddParameter): Name = "Name"; Value = "Конденсатор X7R 50V 0,1uF ±10% 0805"; VariantName = "[No Variations]"
Added Component: Designator=C17(CAP: SMD 0805 MD IPC 782)
Add component (AddParameter): Name = "Code"; Value = "6279254871"; VariantName = "[No Variations]"
Add component (AddParameter): Name = "Name"; Value = "Конденсатор X7R 50V 0,1uF ±10% 0805"; VariantName = "[No Variations]"
Added Component: Designator=C18(CAP: SMD 0805 MD IPC 782)
Add component (AddParameter): Name = "Code"; Value = "6279254871"; VariantName = "[No Variations]"
Add component (AddParameter): Name = "Name"; Value = "Конденсатор X7R 50V 0,1uF ±10% 0805"; VariantName = "[No Variations]"
Added Component: Designator=C19(CAP: SMD 0805 MD IPC 782)
Add component (AddParameter): Name = "Code"; Value = "6279254871"; VariantName = "[No Variations]"
Add component (AddParameter): Name = "Name"; Value = "Конденсатор X7R 50V 0,1uF ±10% 0805"; VariantName = "[No Variations]"
Added Component: Designator=C20(CAP: SMD 0805 MD IPC 782)
Add component (AddParameter): Name = "Code"; Value = "6279254871"; VariantName = "[No Variations]"
Add component (AddParameter): Name = "Name"; Value = "Конденсатор X7R 50V 0,1uF ±10% 0805"; VariantName = "[No Variations]"
Added Component: Designator=C21(CAP: SMD 0805 MD IPC 782)
Add component (AddParameter): Name = "Code"; Value = "6279254871"; VariantName = "[No Variations]"
Add component (AddParameter): Name = "Name"; Value = "Конденсатор X7R 50V 0,1uF ±10% 0805"; VariantName = "[No Variations]"
Added Component: Designator=C22(CAP: SMD 0805 MD IPC 782)
Add component (AddParameter): Name = "Code"; Value = "6279254871"; VariantName = "[No Variations]"
Add component (AddParameter): Name = "Name"; Value = "Конденсатор X7R 50V 0,1uF ±10% 0805"; VariantName = "[No Variations]"
Added Component: Designator=C23(CAP: SMD 0805 MD IPC 782)
Add component (AddParameter): Name = "Code"; Value = "6279254871"; VariantName = "[No Variations]"
Add component (AddParameter): Name = "Name"; Value = "Конденсатор X7R 50V 0,1uF ±10% 0805"; VariantName = "[No Variations]"
Added Component: Designator=C24(CAP: SMD 0805 MD IPC 782)
Add component (AddParameter): Name = "Code"; Value = "6279254871"; VariantName = "[No Variations]"
Add component (AddParameter): Name = "Name"; Value = "Конденсатор X7R 50V 0,1uF ±10% 0805"; VariantName = "[No Variations]"
Added Component: Designator=C25(CAP: SMD 0805 MD IPC 782)
Add component (AddParameter): Name = "Code"; Value = "6279254871"; VariantName = "[No Variations]"
Add component (AddParameter): Name = "Name"; Value = "Конденсатор X7R 50V 0,1uF ±10% 0805"; VariantName = "[No Variations]"
Added Component: Designator=C26(CAP: SMD 0805 MD IPC 782)
Add component (AddParameter): Name = "Code"; Value = "6279254871"; VariantName = "[No Variations]"
Add component (AddParameter): Name = "Name"; Value = "Конденсатор X7R 50V 0,1uF ±10% 0805"; VariantName = "[No Variations]"
Added Component: Designator=C27(CAP: SMD 0805 MD IPC 782)
Add component (AddParameter): Name = "Code"; Value = "6279254871"; VariantName = "[No Variations]"
Add component (AddParameter): Name = "Name"; Value = "Конденсатор X7R 50V 0,1uF ±10% 0805"; VariantName = "[No Variations]"
Added Component: Designator=C28(CAP: SMD 0805 MD IPC 782)
Add component (AddParameter): Name = "Code"; Value = "6279254871"; VariantName = "[No Variations]"
Add component (AddParameter): Name = "Name"; Value = "Конденсатор X7R 50V 0,1uF ±10% 0805"; VariantName = "[No Variations]"
Added Component: Designator=C29(CAP: SMD 0805 MD IPC 782)
Add component (AddParameter): Name = "Code"; Value = "6279254871"; VariantName = "[No Variations]"
Add component (AddParameter): Name = "Name"; Value = "Конденсатор X7R 50V 0,1uF ±10% 0805"; VariantName = "[No Variations]"
Added Component: Designator=C30(CAP: SMD 0805 MD IPC 782)
Add component (AddParameter): Name = "Code"; Value = "6279254871"; VariantName = "[No Variations]"
Add component (AddParameter): Name = "Name"; Value = "Конденсатор X7R 50V 0,1uF ±10% 0805"; VariantName = "[No Variations]"
Added Component: Designator=DA1(IC: SOIC 8)
Added Component: Designator=DA2(IC: SOIC 8)
Added Component: Designator=DA3(IC: SOIC 8)
Added Component: Designator=DA4(IC: SOT 23 5pin)
Add component (AddParameter): Name = "Code"; Value = "6339115821"; VariantName = "[No Variations]"
Add component (AddParameter): Name = "Name"; Value = "Микросхема TLV9101IDBVR"; VariantName = "[No Variations]"
Added Component: Designator=DA5(IC: SOT 23 5pin)
Add component (AddParameter): Name = "Code"; Value = "6339115821"; VariantName = "[No Variations]"
Add component (AddParameter): Name = "Name"; Value = "Микросхема TLV9101IDBVR"; VariantName = "[No Variations]"
Added Component: Designator=DA6(IC: SOT 23 5pin)
Add component (AddParameter): Name = "Code"; Value = "6339115821"; VariantName = "[No Variations]"
Add component (AddParameter): Name = "Name"; Value = "Микросхема TLV9101IDBVR"; VariantName = "[No Variations]"
Added Component: Designator=DA7(IC: SOIC 8)
Add component (AddParameter): Name = "Code"; Value = "6335601961"; VariantName = "[No Variations]"
Add component (AddParameter): Name = "Name"; Value = "Микросхема REF196GS, AD"; VariantName = "[No Variations]"
Added Component: Designator=DA8(IC: SOIC 8)
Add component (AddParameter): Name = "Code"; Value = "6335601961"; VariantName = "[No Variations]"
Add component (AddParameter): Name = "Name"; Value = "Микросхема REF196GS, AD"; VariantName = "[No Variations]"
Added Component: Designator=DA9(IC: SOIC 8)
Added Component: Designator=DA10(IC: SOIC 8)
Added Component: Designator=DA11(IC: SOIC 8)
Added Component: Designator=DA12(IC: SOT 23 5pin)
Add component (AddParameter): Name = "Code"; Value = "6339115821"; VariantName = "[No Variations]"
Add component (AddParameter): Name = "Name"; Value = "Микросхема TLV9101IDBVR"; VariantName = "[No Variations]"
Added Component: Designator=DA13(IC: SOT 23 5pin)
Add component (AddParameter): Name = "Code"; Value = "6339115821"; VariantName = "[No Variations]"
Add component (AddParameter): Name = "Name"; Value = "Микросхема TLV9101IDBVR"; VariantName = "[No Variations]"
Added Component: Designator=DA14(IC: SOT 23 5pin)
Add component (AddParameter): Name = "Code"; Value = "6339115821"; VariantName = "[No Variations]"
Add component (AddParameter): Name = "Name"; Value = "Микросхема TLV9101IDBVR"; VariantName = "[No Variations]"
Added Component: Designator=R1(RES: SMD 0805 MD IPC 782)
Add component (AddParameter): Name = "Code"; Value = "6020003061"; VariantName = "[No Variations]"
Add component (AddParameter): Name = "Name"; Value = "Резистор RC0805JR-0710KL"; VariantName = "[No Variations]"
Added Component: Designator=R2(RES: SMD 0805 MD IPC 782)
Add component (AddParameter): Name = "Code"; Value = "6020003061"; VariantName = "[No Variations]"
Add component (AddParameter): Name = "Name"; Value = "Резистор RC0805JR-0710KL"; VariantName = "[No Variations]"
Added Component: Designator=R3(RES: SMD 0805 MD IPC 782)
Add component (AddParameter): Name = "Code"; Value = "6020003061"; VariantName = "[No Variations]"
Add component (AddParameter): Name = "Name"; Value = "Резистор RC0805JR-0710KL"; VariantName = "[No Variations]"
Added Component: Designator=R4(RES: SMD 0805 MD IPC 782)
Add component (AddParameter): Name = "Code"; Value = "6020003061"; VariantName = "[No Variations]"
Add component (AddParameter): Name = "Name"; Value = "Резистор RC0805JR-0710KL"; VariantName = "[No Variations]"
Added Component: Designator=R5(RES: SMD 0805 MD IPC 782)
Add component (AddParameter): Name = "Code"; Value = "6020003061"; VariantName = "[No Variations]"
Add component (AddParameter): Name = "Name"; Value = "Резистор RC0805JR-0710KL"; VariantName = "[No Variations]"
Added Component: Designator=R6(RES: SMD 0805 MD IPC 782)
Add component (AddParameter): Name = "Code"; Value = "6020003061"; VariantName = "[No Variations]"
Add component (AddParameter): Name = "Name"; Value = "Резистор RC0805JR-0710KL"; VariantName = "[No Variations]"
Added Component: Designator=R7(RES: SMD 0805 MD IPC 782)
Add component (AddParameter): Name = "Code"; Value = "6027158691"; VariantName = "[No Variations]"
Add component (AddParameter): Name = "Name"; Value = "Резистор RC0805FR-071KL, Yageo"; VariantName = "[No Variations]"
Added Component: Designator=R8(RES: SMD 0805 MD IPC 782)
Add component (AddParameter): Name = "Code"; Value = "6027158691"; VariantName = "[No Variations]"
Add component (AddParameter): Name = "Name"; Value = "Резистор RC0805FR-071KL, Yageo"; VariantName = "[No Variations]"
Added Component: Designator=R9(RES: SMD 0805 MD IPC 782)
Add component (AddParameter): Name = "Code"; Value = "6027158691"; VariantName = "[No Variations]"
Add component (AddParameter): Name = "Name"; Value = "Резистор RC0805FR-071KL, Yageo"; VariantName = "[No Variations]"
Added Component: Designator=R10(RES: SMD 0805 MD IPC 782)
Add component (AddParameter): Name = "Code"; Value = "6094357511"; VariantName = "[No Variations]"
Add component (AddParameter): Name = "Name"; Value = "Резистор 10K±1% 0805"; VariantName = "[No Variations]"
Added Component: Designator=R11(RES: SMD 0805 MD IPC 782)
Add component (AddParameter): Name = "Code"; Value = "6094357511"; VariantName = "[No Variations]"
Add component (AddParameter): Name = "Name"; Value = "Резистор 10K±1% 0805"; VariantName = "[No Variations]"
Added Component: Designator=R12(RES: SMD 0805 MD IPC 782)
Add component (AddParameter): Name = "Code"; Value = "6094357511"; VariantName = "[No Variations]"
Add component (AddParameter): Name = "Name"; Value = "Резистор 10K±1% 0805"; VariantName = "[No Variations]"
Added Component: Designator=R13(RES: SMD 0805 MD IPC 782)
Add component (AddParameter): Name = "Code"; Value = "6027162091"; VariantName = "[No Variations]"
Add component (AddParameter): Name = "Name"; Value = "Резистор RT0805FRE1015KL, Yageo"; VariantName = "[No Variations]"
Added Component: Designator=R14(RES: SMD 0805 MD IPC 782)
Add component (AddParameter): Name = "Code"; Value = "6027162091"; VariantName = "[No Variations]"
Add component (AddParameter): Name = "Name"; Value = "Резистор RT0805FRE1015KL, Yageo"; VariantName = "[No Variations]"
Added Component: Designator=R15(RES: SMD 0805 MD IPC 782)
Add component (AddParameter): Name = "Code"; Value = "6027162091"; VariantName = "[No Variations]"
Add component (AddParameter): Name = "Name"; Value = "Резистор RT0805FRE1015KL, Yageo"; VariantName = "[No Variations]"
Added Component: Designator=R16(RES: SMD 0805 MD IPC 782)
Add component (AddParameter): Name = "Code"; Value = "6027158691"; VariantName = "[No Variations]"
Add component (AddParameter): Name = "Name"; Value = "Резистор RC0805FR-071KL, Yageo"; VariantName = "[No Variations]"
Added Component: Designator=R17(RES: SMD 0805 MD IPC 782)
Add component (AddParameter): Name = "Code"; Value = "6027158691"; VariantName = "[No Variations]"
Add component (AddParameter): Name = "Name"; Value = "Резистор RC0805FR-071KL, Yageo"; VariantName = "[No Variations]"
Added Component: Designator=R18(RES: SMD 0805 MD IPC 782)
Add component (AddParameter): Name = "Code"; Value = "6027158691"; VariantName = "[No Variations]"
Add component (AddParameter): Name = "Name"; Value = "Резистор RC0805FR-071KL, Yageo"; VariantName = "[No Variations]"
Added Component: Designator=R19(RES: SMD 0805 MD IPC 782)
Add component (AddParameter): Name = "Code"; Value = "6027158691"; VariantName = "[No Variations]"
Add component (AddParameter): Name = "Name"; Value = "Резистор RC0805FR-071KL, Yageo"; VariantName = "[No Variations]"
Added Component: Designator=R20(RES: SMD 0805 MD IPC 782)
Add component (AddParameter): Name = "Code"; Value = "6027158691"; VariantName = "[No Variations]"
Add component (AddParameter): Name = "Name"; Value = "Резистор RC0805FR-071KL, Yageo"; VariantName = "[No Variations]"
Added Component: Designator=R21(RES: SMD 0805 MD IPC 782)
Add component (AddParameter): Name = "Code"; Value = "6027158691"; VariantName = "[No Variations]"
Add component (AddParameter): Name = "Name"; Value = "Резистор RC0805FR-071KL, Yageo"; VariantName = "[No Variations]"
Added Component: Designator=R22(RES: SMD 0805 MD IPC 782)
Add component (AddParameter): Name = "Code"; Value = "6027158691"; VariantName = "[No Variations]"
Add component (AddParameter): Name = "Name"; Value = "Резистор RC0805FR-071KL, Yageo"; VariantName = "[No Variations]"
Added Component: Designator=R23(RES: SMD 0805 MD IPC 782)
Add component (AddParameter): Name = "Code"; Value = "6020003061"; VariantName = "[No Variations]"
Add component (AddParameter): Name = "Name"; Value = "Резистор RC0805JR-0710KL"; VariantName = "[No Variations]"
Added Component: Designator=R24(RES: SMD 0805 MD IPC 782)
Add component (AddParameter): Name = "Code"; Value = "6020003061"; VariantName = "[No Variations]"
Add component (AddParameter): Name = "Name"; Value = "Резистор RC0805JR-0710KL"; VariantName = "[No Variations]"
Added Component: Designator=R25(RES: SMD 0805 MD IPC 782)
Add component (AddParameter): Name = "Code"; Value = "6020003061"; VariantName = "[No Variations]"
Add component (AddParameter): Name = "Name"; Value = "Резистор RC0805JR-0710KL"; VariantName = "[No Variations]"
Added Component: Designator=R26(RES: SMD 0805 MD IPC 782)
Add component (AddParameter): Name = "Code"; Value = "6020003061"; VariantName = "[No Variations]"
Add component (AddParameter): Name = "Name"; Value = "Резистор RC0805JR-0710KL"; VariantName = "[No Variations]"
Added Component: Designator=R27(RES: SMD 0805 MD IPC 782)
Add component (AddParameter): Name = "Code"; Value = "6020003061"; VariantName = "[No Variations]"
Add component (AddParameter): Name = "Name"; Value = "Резистор RC0805JR-0710KL"; VariantName = "[No Variations]"
Added Component: Designator=R28(RES: SMD 0805 MD IPC 782)
Add component (AddParameter): Name = "Code"; Value = "6020003061"; VariantName = "[No Variations]"
Add component (AddParameter): Name = "Name"; Value = "Резистор RC0805JR-0710KL"; VariantName = "[No Variations]"
Added Component: Designator=R29(RES: SMD 0805 MD IPC 782)
Add component (AddParameter): Name = "Code"; Value = "6027158691"; VariantName = "[No Variations]"
Add component (AddParameter): Name = "Name"; Value = "Резистор RC0805FR-071KL, Yageo"; VariantName = "[No Variations]"
Added Component: Designator=R30(RES: SMD 0805 MD IPC 782)
Add component (AddParameter): Name = "Code"; Value = "6027158691"; VariantName = "[No Variations]"
Add component (AddParameter): Name = "Name"; Value = "Резистор RC0805FR-071KL, Yageo"; VariantName = "[No Variations]"
Added Component: Designator=R31(RES: SMD 0805 MD IPC 782)
Add component (AddParameter): Name = "Code"; Value = "6027158691"; VariantName = "[No Variations]"
Add component (AddParameter): Name = "Name"; Value = "Резистор RC0805FR-071KL, Yageo"; VariantName = "[No Variations]"
Added Component: Designator=R32(RES: SMD 0805 MD IPC 782)
Add component (AddParameter): Name = "Code"; Value = "6027158691"; VariantName = "[No Variations]"
Add component (AddParameter): Name = "Name"; Value = "Резистор RC0805FR-071KL, Yageo"; VariantName = "[No Variations]"
Added Component: Designator=R33(RES: SMD 0805 MD IPC 782)
Add component (AddParameter): Name = "Code"; Value = "6027158691"; VariantName = "[No Variations]"
Add component (AddParameter): Name = "Name"; Value = "Резистор RC0805FR-071KL, Yageo"; VariantName = "[No Variations]"
Added Component: Designator=R34(RES: SMD 0805 MD IPC 782)
Add component (AddParameter): Name = "Code"; Value = "6094357511"; VariantName = "[No Variations]"
Add component (AddParameter): Name = "Name"; Value = "Резистор 10K±1% 0805"; VariantName = "[No Variations]"
Added Component: Designator=R35(RES: SMD 0805 MD IPC 782)
Add component (AddParameter): Name = "Code"; Value = "6094357511"; VariantName = "[No Variations]"
Add component (AddParameter): Name = "Name"; Value = "Резистор 10K±1% 0805"; VariantName = "[No Variations]"
Added Component: Designator=R36(RES: SMD 0805 MD IPC 782)
Add component (AddParameter): Name = "Code"; Value = "6094357511"; VariantName = "[No Variations]"
Add component (AddParameter): Name = "Name"; Value = "Резистор 10K±1% 0805"; VariantName = "[No Variations]"
Added Component: Designator=R37(RES: SMD 0805 MD IPC 782)
Add component (AddParameter): Name = "Code"; Value = "6027162091"; VariantName = "[No Variations]"
Add component (AddParameter): Name = "Name"; Value = "Резистор RT0805FRE1015KL, Yageo"; VariantName = "[No Variations]"
Added Component: Designator=R38(RES: SMD 0805 MD IPC 782)
Add component (AddParameter): Name = "Code"; Value = "6027162091"; VariantName = "[No Variations]"
Add component (AddParameter): Name = "Name"; Value = "Резистор RT0805FRE1015KL, Yageo"; VariantName = "[No Variations]"
Added Component: Designator=R39(RES: SMD 0805 MD IPC 782)
Add component (AddParameter): Name = "Code"; Value = "6027162091"; VariantName = "[No Variations]"
Add component (AddParameter): Name = "Name"; Value = "Резистор RT0805FRE1015KL, Yageo"; VariantName = "[No Variations]"
Added Component: Designator=R40(RES: SMD 0805 MD IPC 782)
Add component (AddParameter): Name = "Code"; Value = "6094356221"; VariantName = "[No Variations]"
Add component (AddParameter): Name = "Name"; Value = "Резистор 110K±1% 0805"; VariantName = "[No Variations]"
Added Component: Designator=R41(RES: SMD 0805 MD IPC 782)
Add component (AddParameter): Name = "Code"; Value = "6094356221"; VariantName = "[No Variations]"
Add component (AddParameter): Name = "Name"; Value = "Резистор 110K±1% 0805"; VariantName = "[No Variations]"
Added Component: Designator=R42(RES: SMD 0805 MD IPC 782)
Add component (AddParameter): Name = "Code"; Value = "6094356221"; VariantName = "[No Variations]"
Add component (AddParameter): Name = "Name"; Value = "Резистор 110K±1% 0805"; VariantName = "[No Variations]"
Added Component: Designator=R43(RES: SMD 0805 MD IPC 782)
Add component (AddParameter): Name = "Code"; Value = "6094356221"; VariantName = "[No Variations]"
Add component (AddParameter): Name = "Name"; Value = "Резистор 110K±1% 0805"; VariantName = "[No Variations]"
Added Component: Designator=R44(RES: SMD 0805 MD IPC 782)
Add component (AddParameter): Name = "Code"; Value = "6094356221"; VariantName = "[No Variations]"
Add component (AddParameter): Name = "Name"; Value = "Резистор 110K±1% 0805"; VariantName = "[No Variations]"
Added Component: Designator=R45(RES: SMD 0805 MD IPC 782)
Add component (AddParameter): Name = "Code"; Value = "6094356221"; VariantName = "[No Variations]"
Add component (AddParameter): Name = "Name"; Value = "Резистор 110K±1% 0805"; VariantName = "[No Variations]"
Added Component: Designator=R46(RES: SMD 0805 MD IPC 782)
Add component (AddParameter): Name = "Code"; Value = "6094356221"; VariantName = "[No Variations]"
Add component (AddParameter): Name = "Name"; Value = "Резистор 110K±1% 0805"; VariantName = "[No Variations]"
Added Component: Designator=R47(RES: SMD 0805 MD IPC 782)
Add component (AddParameter): Name = "Code"; Value = "6094356221"; VariantName = "[No Variations]"
Add component (AddParameter): Name = "Name"; Value = "Резистор 110K±1% 0805"; VariantName = "[No Variations]"
Added Component: Designator=R48(RES: SMD 0805 MD IPC 782)
Add component (AddParameter): Name = "Code"; Value = "6094356221"; VariantName = "[No Variations]"
Add component (AddParameter): Name = "Name"; Value = "Резистор 110K±1% 0805"; VariantName = "[No Variations]"
Added Component: Designator=R49(RES: SMD 0805 MD IPC 782)
Add component (AddParameter): Name = "Code"; Value = "6094356221"; VariantName = "[No Variations]"
Add component (AddParameter): Name = "Name"; Value = "Резистор 110K±1% 0805"; VariantName = "[No Variations]"
Added Component: Designator=R50(RES: SMD 0805 MD IPC 782)
Add component (AddParameter): Name = "Code"; Value = "6094356221"; VariantName = "[No Variations]"
Add component (AddParameter): Name = "Name"; Value = "Резистор 110K±1% 0805"; VariantName = "[No Variations]"
Added Component: Designator=R51(RES: SMD 0805 MD IPC 782)
Add component (AddParameter): Name = "Code"; Value = "6094356221"; VariantName = "[No Variations]"
Add component (AddParameter): Name = "Name"; Value = "Резистор 110K±1% 0805"; VariantName = "[No Variations]"
Added Component: Designator=R52(RES: SMD 0805 MD IPC 782)
Add component (AddParameter): Name = "Code"; Value = "6094356221"; VariantName = "[No Variations]"
Add component (AddParameter): Name = "Name"; Value = "Резистор 110K±1% 0805"; VariantName = "[No Variations]"
Added Component: Designator=R53(RES: SMD 0805 MD IPC 782)
Add component (AddParameter): Name = "Code"; Value = "6094356221"; VariantName = "[No Variations]"
Add component (AddParameter): Name = "Name"; Value = "Резистор 110K±1% 0805"; VariantName = "[No Variations]"
Added Component: Designator=R54(RES: SMD 0805 MD IPC 782)
Add component (AddParameter): Name = "Code"; Value = "6094356221"; VariantName = "[No Variations]"
Add component (AddParameter): Name = "Name"; Value = "Резистор 110K±1% 0805"; VariantName = "[No Variations]"
Added Component: Designator=R55(RES: SMD 0805 MD IPC 782)
Add component (AddParameter): Name = "Code"; Value = "6094356221"; VariantName = "[No Variations]"
Add component (AddParameter): Name = "Name"; Value = "Резистор 110K±1% 0805"; VariantName = "[No Variations]"
Added Component: Designator=R56(RES: SMD 0805 MD IPC 782)
Add component (AddParameter): Name = "Code"; Value = "6094356221"; VariantName = "[No Variations]"
Add component (AddParameter): Name = "Name"; Value = "Резистор 110K±1% 0805"; VariantName = "[No Variations]"
Added Component: Designator=R57(RES: SMD 0805 MD IPC 782)
Add component (AddParameter): Name = "Code"; Value = "6094356221"; VariantName = "[No Variations]"
Add component (AddParameter): Name = "Name"; Value = "Резистор 110K±1% 0805"; VariantName = "[No Variations]"
Added Component: Designator=R58(RES: SMD 0805 MD IPC 782)
Add component (AddParameter): Name = "Code"; Value = "6094356221"; VariantName = "[No Variations]"
Add component (AddParameter): Name = "Name"; Value = "Резистор 110K±1% 0805"; VariantName = "[No Variations]"
Added Component: Designator=R59(RES: SMD 0805 MD IPC 782)
Add component (AddParameter): Name = "Code"; Value = "6094356221"; VariantName = "[No Variations]"
Add component (AddParameter): Name = "Name"; Value = "Резистор 110K±1% 0805"; VariantName = "[No Variations]"
Added Component: Designator=R60(RES: SMD 0805 MD IPC 782)
Add component (AddParameter): Name = "Code"; Value = "6094356221"; VariantName = "[No Variations]"
Add component (AddParameter): Name = "Name"; Value = "Резистор 110K±1% 0805"; VariantName = "[No Variations]"
Added Component: Designator=R61(RES: SMD 0805 MD IPC 782)
Add component (AddParameter): Name = "Code"; Value = "6094356221"; VariantName = "[No Variations]"
Add component (AddParameter): Name = "Name"; Value = "Резистор 110K±1% 0805"; VariantName = "[No Variations]"
Added Component: Designator=R62(RES: SMD 0805 MD IPC 782)
Add component (AddParameter): Name = "Code"; Value = "6094356221"; VariantName = "[No Variations]"
Add component (AddParameter): Name = "Name"; Value = "Резистор 110K±1% 0805"; VariantName = "[No Variations]"
Added Component: Designator=R63(RES: SMD 0805 MD IPC 782)
Add component (AddParameter): Name = "Code"; Value = "6094356221"; VariantName = "[No Variations]"
Add component (AddParameter): Name = "Name"; Value = "Резистор 110K±1% 0805"; VariantName = "[No Variations]"
Added Component: Designator=X1(CON: 2pin wf-2)
Add component (AddParameter): Name = "Code"; Value = "6313952902"; VariantName = "[No Variations]"
Add component (AddParameter): Name = "Name"; Value = "Вилка WF-2"; VariantName = "[No Variations]"
Added Component: Designator=X2(CON: 2pin wf-2)
Add component (AddParameter): Name = "Code"; Value = "6313952902"; VariantName = "[No Variations]"
Add component (AddParameter): Name = "Name"; Value = "Вилка WF-2"; VariantName = "[No Variations]"
Added Component: Designator=X3(CON: 2pin wf-2)
Add component (AddParameter): Name = "Code"; Value = "6313952902"; VariantName = "[No Variations]"
Add component (AddParameter): Name = "Name"; Value = "Вилка WF-2"; VariantName = "[No Variations]"
Added Component: Designator=X4(CON: 15PIN PBS-15 double)
Added Component: Designator=X5(CON: 8PIN PLS-8)
Added Component: Designator=X6(CON: 4pin wf-4)
Add component (AddParameter): Name = "Code"; Value = "6313932041"; VariantName = "[No Variations]"
Add component (AddParameter): Name = "Name"; Value = "Вилка WF-4"; VariantName = "[No Variations]"
Added Component: Designator=X7(CON: 2pin wf-2)
Add component (AddParameter): Name = "Code"; Value = "6313952902"; VariantName = "[No Variations]"
Add component (AddParameter): Name = "Name"; Value = "Вилка WF-2"; VariantName = "[No Variations]"
Added Component: Designator=X8(CON: 2pin wf-2)
Add component (AddParameter): Name = "Code"; Value = "6313952902"; VariantName = "[No Variations]"
Add component (AddParameter): Name = "Name"; Value = "Вилка WF-2"; VariantName = "[No Variations]"
Added Component: Designator=X9(CON: 2pin wf-2)
Add component (AddParameter): Name = "Code"; Value = "6313952902"; VariantName = "[No Variations]"
Add component (AddParameter): Name = "Name"; Value = "Вилка WF-2"; VariantName = "[No Variations]"
Added Component: Designator=X10(CON: 4pin wf-4)
Add component (AddParameter): Name = "Code"; Value = "6313932041"; VariantName = "[No Variations]"
Add component (AddParameter): Name = "Name"; Value = "Вилка WF-4"; VariantName = "[No Variations]"
Added Component: Designator=X11(CON: 4pin wf-4)
Add component (AddParameter): Name = "Code"; Value = "6313932041"; VariantName = "[No Variations]"
Add component (AddParameter): Name = "Name"; Value = "Вилка WF-4"; VariantName = "[No Variations]"
Added Component: Designator=X12(CON: 15PIN PBS-15 double)
Added Component: Designator=X13(CON: 15PIN PBS-15 double)
Added Component: Designator=X14(CON: 15PIN PBS-15 double)
Added Pin To Net: NetName=+3.3 Pin=C13-1
Added Pin To Net: NetName=+3.3 Pin=C14-1
Added Pin To Net: NetName=+3.3 Pin=C15-1
Added Pin To Net: NetName=+3.3 Pin=C28-1
Added Pin To Net: NetName=+3.3 Pin=C29-1
Added Pin To Net: NetName=+3.3 Pin=C30-1
Added Pin To Net: NetName=+3.3 Pin=DA4-5
Added Pin To Net: NetName=+3.3 Pin=DA5-5
Added Pin To Net: NetName=+3.3 Pin=DA6-5
Added Pin To Net: NetName=+3.3 Pin=DA7-6
Added Pin To Net: NetName=+3.3 Pin=DA8-6
Added Pin To Net: NetName=+3.3 Pin=DA12-5
Added Pin To Net: NetName=+3.3 Pin=DA13-5
Added Pin To Net: NetName=+3.3 Pin=DA14-5
Added Net: Name=+3.3
Added Pin To Net: NetName=+5 Pin=DA7-2
Added Pin To Net: NetName=+5 Pin=DA8-2
Added Pin To Net: NetName=+5 Pin=R18-2
Added Pin To Net: NetName=+5 Pin=R32-2
Added Pin To Net: NetName=+5 Pin=X6-1
Added Pin To Net: NetName=+5 Pin=X10-1
Added Net: Name=+5
Added Pin To Net: NetName=+12 Pin=C10-1
Added Pin To Net: NetName=+12 Pin=C11-1
Added Pin To Net: NetName=+12 Pin=C12-1
Added Pin To Net: NetName=+12 Pin=C25-1
Added Pin To Net: NetName=+12 Pin=C26-1
Added Pin To Net: NetName=+12 Pin=C27-1
Added Pin To Net: NetName=+12 Pin=DA1-7
Added Pin To Net: NetName=+12 Pin=DA2-7
Added Pin To Net: NetName=+12 Pin=DA3-7
Added Pin To Net: NetName=+12 Pin=DA9-7
Added Pin To Net: NetName=+12 Pin=DA10-7
Added Pin To Net: NetName=+12 Pin=DA11-7
Added Pin To Net: NetName=+12 Pin=X6-2
Added Pin To Net: NetName=+12 Pin=X10-2
Added Net: Name=+12
Added Pin To Net: NetName=-12 Pin=C7-1
Added Pin To Net: NetName=-12 Pin=C8-1
Added Pin To Net: NetName=-12 Pin=C9-1
Added Pin To Net: NetName=-12 Pin=C22-1
Added Pin To Net: NetName=-12 Pin=C23-1
Added Pin To Net: NetName=-12 Pin=C24-1
Added Pin To Net: NetName=-12 Pin=DA1-4
Added Pin To Net: NetName=-12 Pin=DA2-4
Added Pin To Net: NetName=-12 Pin=DA3-4
Added Pin To Net: NetName=-12 Pin=DA9-4
Added Pin To Net: NetName=-12 Pin=DA10-4
Added Pin To Net: NetName=-12 Pin=DA11-4
Added Pin To Net: NetName=-12 Pin=X6-3
Added Pin To Net: NetName=-12 Pin=X10-3
Added Net: Name=-12
Added Pin To Net: NetName=A0 Pin=DA5-1
Added Pin To Net: NetName=A0 Pin=DA13-1
Added Pin To Net: NetName=A0 Pin=R14-2
Added Pin To Net: NetName=A0 Pin=R38-2
Added Pin To Net: NetName=A0 Pin=X4-12
Added Pin To Net: NetName=A0 Pin=X11-1
Added Net: Name=A0
Added Pin To Net: NetName=A1 Pin=DA6-1
Added Pin To Net: NetName=A1 Pin=DA14-1
Added Pin To Net: NetName=A1 Pin=R15-2
Added Pin To Net: NetName=A1 Pin=R39-2
Added Pin To Net: NetName=A1 Pin=X4-11
Added Pin To Net: NetName=A1 Pin=X11-2
Added Net: Name=A1
Added Pin To Net: NetName=A2 Pin=DA4-1
Added Pin To Net: NetName=A2 Pin=DA12-1
Added Pin To Net: NetName=A2 Pin=R13-2
Added Pin To Net: NetName=A2 Pin=R37-2
Added Pin To Net: NetName=A2 Pin=X4-10
Added Pin To Net: NetName=A2 Pin=X11-3
Added Net: Name=A2
Added Pin To Net: NetName=GND Pin=C7-2
Added Pin To Net: NetName=GND Pin=C8-2
Added Pin To Net: NetName=GND Pin=C9-2
Added Pin To Net: NetName=GND Pin=C10-2
Added Pin To Net: NetName=GND Pin=C11-2
Added Pin To Net: NetName=GND Pin=C12-2
Added Pin To Net: NetName=GND Pin=C13-2
Added Pin To Net: NetName=GND Pin=C14-2
Added Pin To Net: NetName=GND Pin=C15-2
Added Pin To Net: NetName=GND Pin=C22-2
Added Pin To Net: NetName=GND Pin=C23-2
Added Pin To Net: NetName=GND Pin=C24-2
Added Pin To Net: NetName=GND Pin=C25-2
Added Pin To Net: NetName=GND Pin=C26-2
Added Pin To Net: NetName=GND Pin=C27-2
Added Pin To Net: NetName=GND Pin=C28-2
Added Pin To Net: NetName=GND Pin=C29-2
Added Pin To Net: NetName=GND Pin=C30-2
Added Pin To Net: NetName=GND Pin=DA4-2
Added Pin To Net: NetName=GND Pin=DA5-2
Added Pin To Net: NetName=GND Pin=DA6-2
Added Pin To Net: NetName=GND Pin=DA7-4
Added Pin To Net: NetName=GND Pin=DA8-4
Added Pin To Net: NetName=GND Pin=DA12-2
Added Pin To Net: NetName=GND Pin=DA13-2
Added Pin To Net: NetName=GND Pin=DA14-2
Added Pin To Net: NetName=GND Pin=R1-1
Added Pin To Net: NetName=GND Pin=R2-1
Added Pin To Net: NetName=GND Pin=R3-1
Added Pin To Net: NetName=GND Pin=R4-1
Added Pin To Net: NetName=GND Pin=R5-1
Added Pin To Net: NetName=GND Pin=R6-1
Added Pin To Net: NetName=GND Pin=R10-1
Added Pin To Net: NetName=GND Pin=R11-1
Added Pin To Net: NetName=GND Pin=R12-1
Added Pin To Net: NetName=GND Pin=R19-1
Added Pin To Net: NetName=GND Pin=R23-1
Added Pin To Net: NetName=GND Pin=R24-1
Added Pin To Net: NetName=GND Pin=R25-1
Added Pin To Net: NetName=GND Pin=R26-1
Added Pin To Net: NetName=GND Pin=R27-1
Added Pin To Net: NetName=GND Pin=R28-1
Added Pin To Net: NetName=GND Pin=R33-1
Added Pin To Net: NetName=GND Pin=R34-1
Added Pin To Net: NetName=GND Pin=R35-1
Added Pin To Net: NetName=GND Pin=R36-1
Added Pin To Net: NetName=GND Pin=X4-2
Added Pin To Net: NetName=GND Pin=X4-19
Added Pin To Net: NetName=GND Pin=X5-8
Added Pin To Net: NetName=GND Pin=X6-4
Added Pin To Net: NetName=GND Pin=X10-4
Added Pin To Net: NetName=GND Pin=X11-4
Added Net: Name=GND
Added Pin To Net: NetName=NetC1_1 Pin=C1-1
Added Pin To Net: NetName=NetC1_1 Pin=DA1-2
Added Pin To Net: NetName=NetC1_1 Pin=R1-2
Added Net: Name=NetC1_1
Added Pin To Net: NetName=NetC1_2 Pin=C1-2
Added Pin To Net: NetName=NetC1_2 Pin=X1-1
Added Net: Name=NetC1_2
Added Pin To Net: NetName=NetC2_1 Pin=C2-1
Added Pin To Net: NetName=NetC2_1 Pin=DA1-3
Added Pin To Net: NetName=NetC2_1 Pin=R2-2
Added Net: Name=NetC2_1
Added Pin To Net: NetName=NetC2_2 Pin=C2-2
Added Pin To Net: NetName=NetC2_2 Pin=X1-2
Added Net: Name=NetC2_2
Added Pin To Net: NetName=NetC3_1 Pin=C3-1
Added Pin To Net: NetName=NetC3_1 Pin=DA2-2
Added Pin To Net: NetName=NetC3_1 Pin=R3-2
Added Net: Name=NetC3_1
Added Pin To Net: NetName=NetC3_2 Pin=C3-2
Added Pin To Net: NetName=NetC3_2 Pin=X2-1
Added Net: Name=NetC3_2
Added Pin To Net: NetName=NetC4_1 Pin=C4-1
Added Pin To Net: NetName=NetC4_1 Pin=DA2-3
Added Pin To Net: NetName=NetC4_1 Pin=R4-2
Added Net: Name=NetC4_1
Added Pin To Net: NetName=NetC4_2 Pin=C4-2
Added Pin To Net: NetName=NetC4_2 Pin=X2-2
Added Net: Name=NetC4_2
Added Pin To Net: NetName=NetC5_1 Pin=C5-1
Added Pin To Net: NetName=NetC5_1 Pin=DA3-2
Added Pin To Net: NetName=NetC5_1 Pin=R5-2
Added Net: Name=NetC5_1
Added Pin To Net: NetName=NetC5_2 Pin=C5-2
Added Pin To Net: NetName=NetC5_2 Pin=X3-1
Added Net: Name=NetC5_2
Added Pin To Net: NetName=NetC6_1 Pin=C6-1
Added Pin To Net: NetName=NetC6_1 Pin=DA3-3
Added Pin To Net: NetName=NetC6_1 Pin=R6-2
Added Net: Name=NetC6_1
Added Pin To Net: NetName=NetC6_2 Pin=C6-2
Added Pin To Net: NetName=NetC6_2 Pin=X3-2
Added Net: Name=NetC6_2
Added Pin To Net: NetName=NetC16_1 Pin=C16-1
Added Pin To Net: NetName=NetC16_1 Pin=DA9-2
Added Pin To Net: NetName=NetC16_1 Pin=R23-2
Added Net: Name=NetC16_1
Added Pin To Net: NetName=NetC16_2 Pin=C16-2
Added Pin To Net: NetName=NetC16_2 Pin=X7-1
Added Net: Name=NetC16_2
Added Pin To Net: NetName=NetC17_1 Pin=C17-1
Added Pin To Net: NetName=NetC17_1 Pin=DA9-3
Added Pin To Net: NetName=NetC17_1 Pin=R24-2
Added Net: Name=NetC17_1
Added Pin To Net: NetName=NetC17_2 Pin=C17-2
Added Pin To Net: NetName=NetC17_2 Pin=X7-2
Added Net: Name=NetC17_2
Added Pin To Net: NetName=NetC18_1 Pin=C18-1
Added Pin To Net: NetName=NetC18_1 Pin=DA10-2
Added Pin To Net: NetName=NetC18_1 Pin=R25-2
Added Net: Name=NetC18_1
Added Pin To Net: NetName=NetC18_2 Pin=C18-2
Added Pin To Net: NetName=NetC18_2 Pin=X8-1
Added Net: Name=NetC18_2
Added Pin To Net: NetName=NetC19_1 Pin=C19-1
Added Pin To Net: NetName=NetC19_1 Pin=DA10-3
Added Pin To Net: NetName=NetC19_1 Pin=R26-2
Added Net: Name=NetC19_1
Added Pin To Net: NetName=NetC19_2 Pin=C19-2
Added Pin To Net: NetName=NetC19_2 Pin=X8-2
Added Net: Name=NetC19_2
Added Pin To Net: NetName=NetC20_1 Pin=C20-1
Added Pin To Net: NetName=NetC20_1 Pin=DA11-2
Added Pin To Net: NetName=NetC20_1 Pin=R27-2
Added Net: Name=NetC20_1
Added Pin To Net: NetName=NetC20_2 Pin=C20-2
Added Pin To Net: NetName=NetC20_2 Pin=X9-1
Added Net: Name=NetC20_2
Added Pin To Net: NetName=NetC21_1 Pin=C21-1
Added Pin To Net: NetName=NetC21_1 Pin=DA11-3
Added Pin To Net: NetName=NetC21_1 Pin=R28-2
Added Net: Name=NetC21_1
Added Pin To Net: NetName=NetC21_2 Pin=C21-2
Added Pin To Net: NetName=NetC21_2 Pin=X9-2
Added Net: Name=NetC21_2
Added Pin To Net: NetName=NetDA1_1 Pin=DA1-1
Added Pin To Net: NetName=NetDA1_1 Pin=R7-1
Added Net: Name=NetDA1_1
Added Pin To Net: NetName=NetDA1_6 Pin=DA1-6
Added Pin To Net: NetName=NetDA1_6 Pin=DA4-3
Added Net: Name=NetDA1_6
Added Pin To Net: NetName=NetDA1_8 Pin=DA1-8
Added Pin To Net: NetName=NetDA1_8 Pin=R7-2
Added Net: Name=NetDA1_8
Added Pin To Net: NetName=NetDA2_1 Pin=DA2-1
Added Pin To Net: NetName=NetDA2_1 Pin=R8-1
Added Net: Name=NetDA2_1
Added Pin To Net: NetName=NetDA2_6 Pin=DA2-6
Added Pin To Net: NetName=NetDA2_6 Pin=DA5-3
Added Net: Name=NetDA2_6
Added Pin To Net: NetName=NetDA2_8 Pin=DA2-8
Added Pin To Net: NetName=NetDA2_8 Pin=R8-2
Added Net: Name=NetDA2_8
Added Pin To Net: NetName=NetDA3_1 Pin=DA3-1
Added Pin To Net: NetName=NetDA3_1 Pin=R9-1
Added Net: Name=NetDA3_1
Added Pin To Net: NetName=NetDA3_6 Pin=DA3-6
Added Pin To Net: NetName=NetDA3_6 Pin=DA6-3
Added Net: Name=NetDA3_6
Added Pin To Net: NetName=NetDA3_8 Pin=DA3-8
Added Pin To Net: NetName=NetDA3_8 Pin=R9-2
Added Net: Name=NetDA3_8
Added Pin To Net: NetName=NetDA4_4 Pin=DA4-4
Added Pin To Net: NetName=NetDA4_4 Pin=R10-2
Added Pin To Net: NetName=NetDA4_4 Pin=R13-1
Added Net: Name=NetDA4_4
Added Pin To Net: NetName=NetDA5_4 Pin=DA5-4
Added Pin To Net: NetName=NetDA5_4 Pin=R11-2
Added Pin To Net: NetName=NetDA5_4 Pin=R14-1
Added Net: Name=NetDA5_4
Added Pin To Net: NetName=NetDA6_4 Pin=DA6-4
Added Pin To Net: NetName=NetDA6_4 Pin=R12-2
Added Pin To Net: NetName=NetDA6_4 Pin=R15-1
Added Net: Name=NetDA6_4
Added Pin To Net: NetName=NetDA9_1 Pin=DA9-1
Added Pin To Net: NetName=NetDA9_1 Pin=R29-1
Added Net: Name=NetDA9_1
Added Pin To Net: NetName=NetDA9_6 Pin=DA9-6
Added Pin To Net: NetName=NetDA9_6 Pin=DA12-3
Added Net: Name=NetDA9_6
Added Pin To Net: NetName=NetDA9_8 Pin=DA9-8
Added Pin To Net: NetName=NetDA9_8 Pin=R29-2
Added Net: Name=NetDA9_8
Added Pin To Net: NetName=NetDA10_1 Pin=DA10-1
Added Pin To Net: NetName=NetDA10_1 Pin=R30-1
Added Net: Name=NetDA10_1
Added Pin To Net: NetName=NetDA10_6 Pin=DA10-6
Added Pin To Net: NetName=NetDA10_6 Pin=DA13-3
Added Net: Name=NetDA10_6
Added Pin To Net: NetName=NetDA10_8 Pin=DA10-8
Added Pin To Net: NetName=NetDA10_8 Pin=R30-2
Added Net: Name=NetDA10_8
Added Pin To Net: NetName=NetDA11_1 Pin=DA11-1
Added Pin To Net: NetName=NetDA11_1 Pin=R31-1
Added Net: Name=NetDA11_1
Added Pin To Net: NetName=NetDA11_6 Pin=DA11-6
Added Pin To Net: NetName=NetDA11_6 Pin=DA14-3
Added Net: Name=NetDA11_6
Added Pin To Net: NetName=NetDA11_8 Pin=DA11-8
Added Pin To Net: NetName=NetDA11_8 Pin=R31-2
Added Net: Name=NetDA11_8
Added Pin To Net: NetName=NetDA12_4 Pin=DA12-4
Added Pin To Net: NetName=NetDA12_4 Pin=R34-2
Added Pin To Net: NetName=NetDA12_4 Pin=R37-1
Added Net: Name=NetDA12_4
Added Pin To Net: NetName=NetDA13_4 Pin=DA13-4
Added Pin To Net: NetName=NetDA13_4 Pin=R35-2
Added Pin To Net: NetName=NetDA13_4 Pin=R38-1
Added Net: Name=NetDA13_4
Added Pin To Net: NetName=NetDA14_4 Pin=DA14-4
Added Pin To Net: NetName=NetDA14_4 Pin=R36-2
Added Pin To Net: NetName=NetDA14_4 Pin=R39-1
Added Net: Name=NetDA14_4
Added Pin To Net: NetName=NetR16_1 Pin=R16-1
Added Pin To Net: NetName=NetR16_1 Pin=X4-26
Added Net: Name=NetR16_1
Added Pin To Net: NetName=NetR16_2 Pin=R16-2
Added Pin To Net: NetName=NetR16_2 Pin=X5-2
Added Net: Name=NetR16_2
Added Pin To Net: NetName=NetR17_1 Pin=R17-1
Added Pin To Net: NetName=NetR17_1 Pin=X4-24
Added Net: Name=NetR17_1
Added Pin To Net: NetName=NetR17_2 Pin=R17-2
Added Pin To Net: NetName=NetR17_2 Pin=X5-4
Added Net: Name=NetR17_2
Added Pin To Net: NetName=NetR20_1 Pin=R20-1
Added Pin To Net: NetName=NetR20_1 Pin=X4-25
Added Net: Name=NetR20_1
Added Pin To Net: NetName=NetR20_2 Pin=R20-2
Added Pin To Net: NetName=NetR20_2 Pin=X5-3
Added Net: Name=NetR20_2
Added Pin To Net: NetName=NetR21_1 Pin=R21-1
Added Pin To Net: NetName=NetR21_1 Pin=X4-23
Added Net: Name=NetR21_1
Added Pin To Net: NetName=NetR21_2 Pin=R21-2
Added Pin To Net: NetName=NetR21_2 Pin=X5-5
Added Net: Name=NetR21_2
Added Pin To Net: NetName=NetR22_1 Pin=R22-1
Added Pin To Net: NetName=NetR22_1 Pin=X4-4
Added Net: Name=NetR22_1
Added Pin To Net: NetName=NetR22_2 Pin=R22-2
Added Pin To Net: NetName=NetR22_2 Pin=X5-7
Added Net: Name=NetR22_2
Added Pin To Net: NetName=NetR40_1 Pin=R40-1
Added Pin To Net: NetName=NetR40_1 Pin=X12-25
Added Net: Name=NetR40_1
Added Pin To Net: NetName=NetR40_2 Pin=R40-2
Added Pin To Net: NetName=NetR40_2 Pin=X12-10
Added Net: Name=NetR40_2
Added Pin To Net: NetName=NetR41_1 Pin=R41-1
Added Pin To Net: NetName=NetR41_1 Pin=X12-27
Added Net: Name=NetR41_1
Added Pin To Net: NetName=NetR41_2 Pin=R41-2
Added Pin To Net: NetName=NetR41_2 Pin=X12-12
Added Net: Name=NetR41_2
Added Pin To Net: NetName=NetR42_1 Pin=R42-1
Added Pin To Net: NetName=NetR42_1 Pin=X12-17
Added Net: Name=NetR42_1
Added Pin To Net: NetName=NetR42_2 Pin=R42-2
Added Pin To Net: NetName=NetR42_2 Pin=X12-2
Added Net: Name=NetR42_2
Added Pin To Net: NetName=NetR43_1 Pin=R43-1
Added Pin To Net: NetName=NetR43_1 Pin=X12-19
Added Net: Name=NetR43_1
Added Pin To Net: NetName=NetR43_2 Pin=R43-2
Added Pin To Net: NetName=NetR43_2 Pin=X12-4
Added Net: Name=NetR43_2
Added Pin To Net: NetName=NetR44_1 Pin=R44-1
Added Pin To Net: NetName=NetR44_1 Pin=X12-21
Added Net: Name=NetR44_1
Added Pin To Net: NetName=NetR44_2 Pin=R44-2
Added Pin To Net: NetName=NetR44_2 Pin=X12-6
Added Net: Name=NetR44_2
Added Pin To Net: NetName=NetR45_1 Pin=R45-1
Added Pin To Net: NetName=NetR45_1 Pin=X12-23
Added Net: Name=NetR45_1
Added Pin To Net: NetName=NetR45_2 Pin=R45-2
Added Pin To Net: NetName=NetR45_2 Pin=X12-8
Added Net: Name=NetR45_2
Added Pin To Net: NetName=NetR46_1 Pin=R46-1
Added Pin To Net: NetName=NetR46_1 Pin=X12-24
Added Net: Name=NetR46_1
Added Pin To Net: NetName=NetR46_2 Pin=R46-2
Added Pin To Net: NetName=NetR46_2 Pin=X12-9
Added Net: Name=NetR46_2
Added Pin To Net: NetName=NetR47_1 Pin=R47-1
Added Pin To Net: NetName=NetR47_1 Pin=X12-26
Added Net: Name=NetR47_1
Added Pin To Net: NetName=NetR47_2 Pin=R47-2
Added Pin To Net: NetName=NetR47_2 Pin=X12-11
Added Net: Name=NetR47_2
Added Pin To Net: NetName=NetR48_1 Pin=R48-1
Added Pin To Net: NetName=NetR48_1 Pin=X12-16
Added Net: Name=NetR48_1
Added Pin To Net: NetName=NetR48_2 Pin=R48-2
Added Pin To Net: NetName=NetR48_2 Pin=X12-1
Added Net: Name=NetR48_2
Added Pin To Net: NetName=NetR49_1 Pin=R49-1
Added Pin To Net: NetName=NetR49_1 Pin=X12-18
Added Net: Name=NetR49_1
Added Pin To Net: NetName=NetR49_2 Pin=R49-2
Added Pin To Net: NetName=NetR49_2 Pin=X12-3
Added Net: Name=NetR49_2
Added Pin To Net: NetName=NetR50_1 Pin=R50-1
Added Pin To Net: NetName=NetR50_1 Pin=X12-20
Added Net: Name=NetR50_1
Added Pin To Net: NetName=NetR50_2 Pin=R50-2
Added Pin To Net: NetName=NetR50_2 Pin=X12-5
Added Net: Name=NetR50_2
Added Pin To Net: NetName=NetR51_1 Pin=R51-1
Added Pin To Net: NetName=NetR51_1 Pin=X12-22
Added Net: Name=NetR51_1
Added Pin To Net: NetName=NetR51_2 Pin=R51-2
Added Pin To Net: NetName=NetR51_2 Pin=X12-7
Added Net: Name=NetR51_2
Added Pin To Net: NetName=NetR52_1 Pin=R52-1
Added Pin To Net: NetName=NetR52_1 Pin=X13-17
Added Net: Name=NetR52_1
Added Pin To Net: NetName=NetR52_2 Pin=R52-2
Added Pin To Net: NetName=NetR52_2 Pin=X13-2
Added Net: Name=NetR52_2
Added Pin To Net: NetName=NetR53_1 Pin=R53-1
Added Pin To Net: NetName=NetR53_1 Pin=X13-19
Added Net: Name=NetR53_1
Added Pin To Net: NetName=NetR53_2 Pin=R53-2
Added Pin To Net: NetName=NetR53_2 Pin=X13-4
Added Net: Name=NetR53_2
Added Pin To Net: NetName=NetR54_1 Pin=R54-1
Added Pin To Net: NetName=NetR54_1 Pin=X13-16
Added Net: Name=NetR54_1
Added Pin To Net: NetName=NetR54_2 Pin=R54-2
Added Pin To Net: NetName=NetR54_2 Pin=X13-1
Added Net: Name=NetR54_2
Added Pin To Net: NetName=NetR55_1 Pin=R55-1
Added Pin To Net: NetName=NetR55_1 Pin=X13-18
Added Net: Name=NetR55_1
Added Pin To Net: NetName=NetR55_2 Pin=R55-2
Added Pin To Net: NetName=NetR55_2 Pin=X13-3
Added Net: Name=NetR55_2
Added Pin To Net: NetName=NetR56_1 Pin=R56-1
Added Pin To Net: NetName=NetR56_1 Pin=X14-17
Added Net: Name=NetR56_1
Added Pin To Net: NetName=NetR56_2 Pin=R56-2
Added Pin To Net: NetName=NetR56_2 Pin=X14-2
Added Net: Name=NetR56_2
Added Pin To Net: NetName=NetR57_1 Pin=R57-1
Added Pin To Net: NetName=NetR57_1 Pin=X14-19
Added Net: Name=NetR57_1
Added Pin To Net: NetName=NetR57_2 Pin=R57-2
Added Pin To Net: NetName=NetR57_2 Pin=X14-4
Added Net: Name=NetR57_2
Added Pin To Net: NetName=NetR58_1 Pin=R58-1
Added Pin To Net: NetName=NetR58_1 Pin=X14-21
Added Net: Name=NetR58_1
Added Pin To Net: NetName=NetR58_2 Pin=R58-2
Added Pin To Net: NetName=NetR58_2 Pin=X14-6
Added Net: Name=NetR58_2
Added Pin To Net: NetName=NetR59_1 Pin=R59-1
Added Pin To Net: NetName=NetR59_1 Pin=X14-23
Added Net: Name=NetR59_1
Added Pin To Net: NetName=NetR59_2 Pin=R59-2
Added Pin To Net: NetName=NetR59_2 Pin=X14-8
Added Net: Name=NetR59_2
Added Pin To Net: NetName=NetR60_1 Pin=R60-1
Added Pin To Net: NetName=NetR60_1 Pin=X14-16
Added Net: Name=NetR60_1
Added Pin To Net: NetName=NetR60_2 Pin=R60-2
Added Pin To Net: NetName=NetR60_2 Pin=X14-1
Added Net: Name=NetR60_2
Added Pin To Net: NetName=NetR61_1 Pin=R61-1
Added Pin To Net: NetName=NetR61_1 Pin=X14-18
Added Net: Name=NetR61_1
Added Pin To Net: NetName=NetR61_2 Pin=R61-2
Added Pin To Net: NetName=NetR61_2 Pin=X14-3
Added Net: Name=NetR61_2
Added Pin To Net: NetName=NetR62_1 Pin=R62-1
Added Pin To Net: NetName=NetR62_1 Pin=X14-20
Added Net: Name=NetR62_1
Added Pin To Net: NetName=NetR62_2 Pin=R62-2
Added Pin To Net: NetName=NetR62_2 Pin=X14-5
Added Net: Name=NetR62_2
Added Pin To Net: NetName=NetR63_1 Pin=R63-1
Added Pin To Net: NetName=NetR63_1 Pin=X14-22
Added Net: Name=NetR63_1
Added Pin To Net: NetName=NetR63_2 Pin=R63-2
Added Pin To Net: NetName=NetR63_2 Pin=X14-7
Added Net: Name=NetR63_2
Added Pin To Net: NetName=NetX4_14 Pin=X4-14
Added Pin To Net: NetName=NetX4_14 Pin=X5-1
Added Net: Name=NetX4_14
Added Pin To Net: NetName=NetX4_15 Pin=X4-15
Added Pin To Net: NetName=NetX4_15 Pin=X5-6
Added Net: Name=NetX4_15
Added Pin To Net: NetName=REF +2.5 Pin=DA1-5
Added Pin To Net: NetName=REF +2.5 Pin=DA2-5
Added Pin To Net: NetName=REF +2.5 Pin=DA3-5
Added Pin To Net: NetName=REF +2.5 Pin=DA9-5
Added Pin To Net: NetName=REF +2.5 Pin=DA10-5
Added Pin To Net: NetName=REF +2.5 Pin=DA11-5
Added Pin To Net: NetName=REF +2.5 Pin=R18-1
Added Pin To Net: NetName=REF +2.5 Pin=R19-2
Added Pin To Net: NetName=REF +2.5 Pin=R32-1
Added Pin To Net: NetName=REF +2.5 Pin=R33-2
Added Net: Name=REF +2.5
Added Class: Name=Resistors 0805 4
